Archive member included to satisfy reference by file (symbol)

/home/avees/Linux_for_Tegra/sources/tegra/optee-src/nv-optee/optee/build/t234/export-ta_arm64/lib/libutils.a(stack_check.o)
                              ../build/ta/ta_secure_storage.o (__stack_chk_fail)
/home/avees/Linux_for_Tegra/sources/tegra/optee-src/nv-optee/optee/build/t234/export-ta_arm64/lib/libutils.a(trace.o)
                              /home/avees/Linux_for_Tegra/sources/tegra/optee-src/nv-optee/optee/build/t234/export-ta_arm64/lib/libutils.a(stack_check.o) (trace_printf)
/home/avees/Linux_for_Tegra/sources/tegra/optee-src/nv-optee/optee/build/t234/export-ta_arm64/lib/libutils.a(memcpy.o)
                              /home/avees/Linux_for_Tegra/sources/tegra/optee-src/nv-optee/optee/build/t234/export-ta_arm64/lib/libutils.a(trace.o) (memcpy)
/home/avees/Linux_for_Tegra/sources/tegra/optee-src/nv-optee/optee/build/t234/export-ta_arm64/lib/libutils.a(snprintk.o)
                              /home/avees/Linux_for_Tegra/sources/tegra/optee-src/nv-optee/optee/build/t234/export-ta_arm64/lib/libutils.a(trace.o) (vsnprintk)
/home/avees/Linux_for_Tegra/sources/tegra/optee-src/nv-optee/optee/build/t234/export-ta_arm64/lib/libutils.a(memchr.o)
                              /home/avees/Linux_for_Tegra/sources/tegra/optee-src/nv-optee/optee/build/t234/export-ta_arm64/lib/libutils.a(snprintk.o) (memchr)
/home/avees/Linux_for_Tegra/sources/tegra/optee-src/nv-optee/optee/build/t234/export-ta_arm64/lib/libutils.a(strlen.o)
                              /home/avees/Linux_for_Tegra/sources/tegra/optee-src/nv-optee/optee/build/t234/export-ta_arm64/lib/libutils.a(snprintk.o) (strlen)
/home/avees/Linux_for_Tegra/sources/tegra/optee-src/nv-optee/optee/build/t234/export-ta_arm64/lib/libutee.a(trace_ext.o)
                              /home/avees/Linux_for_Tegra/sources/tegra/optee-src/nv-optee/optee/build/t234/export-ta_arm64/lib/libutils.a(trace.o) (trace_ext_puts)
/home/avees/Linux_for_Tegra/sources/tegra/optee-src/nv-optee/optee/build/t234/export-ta_arm64/lib/libutee.a(tee_api.o)
                              ../build/ta/ta_secure_storage.o (TEE_MemMove)
/home/avees/Linux_for_Tegra/sources/tegra/optee-src/nv-optee/optee/build/t234/export-ta_arm64/lib/libutee.a(tee_api_objects.o)
                              ../build/ta/ta_secure_storage.o (TEE_GetObjectInfo1)
/home/avees/Linux_for_Tegra/sources/tegra/optee-src/nv-optee/optee/build/t234/export-ta_arm64/lib/libutee.a(tee_api_panic.o)
                              /home/avees/Linux_for_Tegra/sources/tegra/optee-src/nv-optee/optee/build/t234/export-ta_arm64/lib/libutee.a(tee_api.o) (TEE_Panic)
/home/avees/Linux_for_Tegra/sources/tegra/optee-src/nv-optee/optee/build/t234/export-ta_arm64/lib/libutee.a(tee_system_pta.o)
                              /home/avees/Linux_for_Tegra/sources/tegra/optee-src/nv-optee/optee/build/t234/export-ta_arm64/lib/libutee.a(tee_api.o) (tee_map_zi)
/home/avees/Linux_for_Tegra/sources/tegra/optee-src/nv-optee/optee/build/t234/export-ta_arm64/lib/libutee.a(user_ta_entry.o)
                              ../build/ta/user_ta_header.o (__utee_entry)
/home/avees/Linux_for_Tegra/sources/tegra/optee-src/nv-optee/optee/build/t234/export-ta_arm64/lib/libutee.a(utee_syscalls_a64.o)
                              /home/avees/Linux_for_Tegra/sources/tegra/optee-src/nv-optee/optee/build/t234/export-ta_arm64/lib/libutils.a(stack_check.o) (_utee_panic)
/home/avees/Linux_for_Tegra/sources/tegra/optee-src/nv-optee/optee/build/t234/export-ta_arm64/lib/libutee.a(abort.o)
                              /home/avees/Linux_for_Tegra/sources/tegra/optee-src/nv-optee/optee/build/t234/export-ta_arm64/lib/libutee.a(user_ta_entry.o) (abort)
/home/avees/Linux_for_Tegra/sources/tegra/optee-src/nv-optee/optee/build/t234/export-ta_arm64/lib/libutee.a(tee_api_arith_mpi.o)
                              /home/avees/Linux_for_Tegra/sources/tegra/optee-src/nv-optee/optee/build/t234/export-ta_arm64/lib/libutee.a(user_ta_entry.o) (_TEE_MathAPI_Init)
/home/avees/Linux_for_Tegra/sources/tegra/optee-src/nv-optee/optee/build/t234/export-ta_arm64/lib/libutee.a(tee_api_property.o)
                              /home/avees/Linux_for_Tegra/sources/tegra/optee-src/nv-optee/optee/build/t234/export-ta_arm64/lib/libutee.a(user_ta_entry.o) (TEE_GetPropertyAsU32)
/home/avees/Linux_for_Tegra/sources/tegra/optee-src/nv-optee/optee/build/t234/export-ta_arm64/lib/libutee.a(tcb.o)
                              /home/avees/Linux_for_Tegra/sources/tegra/optee-src/nv-optee/optee/build/t234/export-ta_arm64/lib/libutee.a(user_ta_entry.o) (__utee_tcb_init)
/home/avees/Linux_for_Tegra/sources/tegra/optee-src/nv-optee/optee/build/t234/export-ta_arm64/lib/libutee.a(assert.o)
                              /home/avees/Linux_for_Tegra/sources/tegra/optee-src/nv-optee/optee/build/t234/export-ta_arm64/lib/libutee.a(tcb.o) (_assert_log)
[...]
Memory Configuration

Name             Origin             Length             Attributes
*default*        0x0000000000000000 0xffffffffffffffff

Linker script and memory map


.ta_head        0x0000000000000000       0x20
 *(SORT_BY_ALIGNMENT(.ta_head))
 .ta_head       0x0000000000000000       0x20 ../build/ta/user_ta_header.o
                0x0000000000000000                ta_head

.text           0x0000000000000020     0xe848
                0x0000000000000020                __text_start = .
 *(SORT_BY_ALIGNMENT(.text) SORT_BY_ALIGNMENT(.text.*))
 .text          0x0000000000000020       0xec /home/avees/Linux_for_Tegra/sources/tegra/optee-src/nv-optee/optee/build/t234/export-ta_arm64/lib/libutils.a(memcpy.o)
                0x0000000000000020                memcpy
 .text          0x000000000000010c       0x5c ../build/ta/ta.o
                0x000000000000010c                TA_CreateEntryPoint
                0x0000000000000114                TA_DestroyEntryPoint
                0x0000000000000118                TA_OpenSessionEntryPoint
                0x0000000000000120                TA_CloseSessionEntryPoint
                0x0000000000000124                TA_InvokeCommandEntryPoint
 .text          0x0000000000000168      0x274 ../build/ta/ta_secure_storage.o
                0x0000000000000168                save_object
                0x0000000000000248                load_object
                0x0000000000000340                delete_object
 .text          0x00000000000003dc      0x49c ../build/ta/ta_crypto.o
                0x0000000000000524                generate_public_key
                0x0000000000000634                micro_sign
                0x000000000000077c                micro_verify
 .text          0x0000000000000878       0x1c ../build/ta/user_ta_header.o
                0x0000000000000878                __ta_entry
                0x000000000000088c                tahead_get_trace_level
 .text          0x0000000000000894       0x30 /home/avees/Linux_for_Tegra/sources/tegra/optee-src/nv-optee/optee/build/t234/export-ta_arm64/lib/libutils.a(stack_check.o)
                0x0000000000000894                __stack_chk_fail
 .text          0x00000000000008c4      0x32c /home/avees/Linux_for_Tegra/sources/tegra/optee-src/nv-optee/optee/build/t234/export-ta_arm64/lib/libutils.a(trace.o)
                0x00000000000008c4                trace_set_level
                0x00000000000008e0                trace_get_level
                0x00000000000008f0                trace_vprintf
                0x0000000000000b0c                trace_printf
                0x0000000000000bec                dhex_dump
 .text          0x0000000000000bf0      0xe10 /home/avees/Linux_for_Tegra/sources/tegra/optee-src/nv-optee/optee/build/t234/export-ta_arm64/lib/libutils.a(snprintk.o)
                0x0000000000000bf0                __vsnprintf
                0x0000000000000cb0                vsnprintk
                0x0000000000000d08                snprintk
                0x00000000000019b4                __vsprintf
 .text          0x0000000000001a00       0x2c /home/avees/Linux_for_Tegra/sources/tegra/optee-src/nv-optee/optee/build/t234/export-ta_arm64/lib/libutils.a(memchr.o)
                0x0000000000001a00                memchr
 .text          0x0000000000001a2c       0x1c /home/avees/Linux_for_Tegra/sources/tegra/optee-src/nv-optee/optee/build/t234/export-ta_arm64/lib/libutils.a(strlen.o)
                0x0000000000001a2c                strlen
 .text          0x0000000000001a48      0x1e0 /home/avees/Linux_for_Tegra/sources/tegra/optee-src/nv-optee/optee/build/t234/export-ta_arm64/lib/libutee.a(trace_ext.o)
                0x0000000000001a48                trace_ext_puts
                0x0000000000001a70                trace_ext_get_thread_id
                0x0000000000001a78                printf
                0x0000000000001b78                puts
                0x0000000000001bb8                putchar
 .text          0x0000000000001c28     0x10c0 /home/avees/Linux_for_Tegra/sources/tegra/optee-src/nv-optee/optee/build/t234/export-ta_arm64/lib/libutee.a(tee_api.o)
                0x0000000000001fd8                TEE_CloseTASession
                0x0000000000002000                TEE_GetCancellationFlag
                0x0000000000002060                TEE_UnmaskCancellation
                0x00000000000020c0                TEE_MaskCancellation
                0x0000000000002120                TEE_CheckMemoryAccessRights
                0x0000000000002344                TEE_OpenTASession
                0x0000000000002498                __GP11_TEE_OpenTASession
                0x00000000000025e0                TEE_InvokeTACommand
                0x0000000000002764                __GP11_TEE_InvokeTACommand
                0x00000000000028dc                __GP11_TEE_CheckMemoryAccessRights
                0x00000000000028e4                TEE_SetInstanceData
                0x00000000000028f0                TEE_GetInstanceData
                0x00000000000028fc                TEE_MemMove
                0x0000000000002900                __GP11_TEE_MemMove
                0x0000000000002908                TEE_MemCompare
                0x000000000000290c                __GP11_TEE_MemCompare
                0x0000000000002914                TEE_MemFill
                0x0000000000002918                __GP11_TEE_MemFill
                0x0000000000002920                TEE_GetSystemTime
                0x0000000000002948                TEE_Wait
                0x0000000000002984                TEE_GetTAPersistentTime
                0x00000000000029f8                TEE_SetTAPersistentTime
                0x0000000000002a3c                TEE_GetREETime
                0x0000000000002a64                TEE_Malloc
                0x0000000000002b88                __GP11_TEE_Malloc
                0x0000000000002b90                TEE_Free
                0x0000000000002bf0                TEE_Realloc
                0x0000000000002cc8                __GP11_TEE_Realloc
                0x0000000000002cd0                TEE_CacheClean
                0x0000000000002cd8                TEE_CacheFlush
                0x0000000000002ce0                TEE_CacheInvalidate
 .text          0x0000000000002ce8     0x1b10 /home/avees/Linux_for_Tegra/sources/tegra/optee-src/nv-optee/optee/build/t234/export-ta_arm64/lib/libutee.a(tee_api_objects.o)
                0x0000000000002ce8                __utee_from_attr
                0x0000000000002d38                __utee_from_gp11_attr
                0x0000000000002d88                TEE_GetObjectInfo
                0x0000000000002e44                __GP11_TEE_GetObjectInfo
                0x0000000000002f08                TEE_GetObjectInfo1
                0x0000000000002fb8                __GP11_TEE_GetObjectInfo1
                0x0000000000003078                TEE_RestrictObjectUsage1
                0x00000000000030bc                TEE_RestrictObjectUsage
                0x000000000000314c                TEE_GetObjectBufferAttribute
                0x0000000000003250                __GP11_TEE_GetObjectBufferAttribute
                0x00000000000032e8                TEE_GetObjectValueAttribute
                0x0000000000003420                TEE_CloseObject
                0x0000000000003448                __GP11_TEE_AllocateTransientObject
                0x00000000000034fc                TEE_AllocateTransientObject
                0x0000000000003518                TEE_FreeTransientObject
                0x00000000000035a8                TEE_ResetTransientObject
                0x0000000000003638                TEE_PopulateTransientObject
                0x000000000000377c                __GP11_TEE_PopulateTransientObject
                0x00000000000038c0                TEE_InitRefAttribute
                0x000000000000390c                __GP11_TEE_InitRefAttribute
                0x000000000000395c                TEE_InitValueAttribute
                0x00000000000039a8                __GP11_TEE_InitValueAttribute
                0x00000000000039f4                TEE_CopyObjectAttributes1
                0x0000000000003aec                TEE_CopyObjectAttributes
                0x0000000000003b80                TEE_GenerateKey
                0x0000000000003c8c                __GP11_TEE_GenerateKey
                0x0000000000003d98                TEE_OpenPersistentObject
                0x0000000000003e7c                __GP11_TEE_OpenPersistentObject
                0x0000000000003e84                TEE_CreatePersistentObject
                0x0000000000003fc8                __GP11_TEE_CreatePersistentObject
                0x0000000000004044                TEE_CloseAndDeletePersistentObject1
                0x000000000000408c                TEE_CloseAndDeletePersistentObject
                0x00000000000040b8                TEE_RenamePersistentObject
                0x0000000000004114                __GP11_TEE_RenamePersistentObject
                0x000000000000411c                TEE_AllocatePersistentObjectEnumerator
                0x00000000000041ac                TEE_FreePersistentObjectEnumerator
                0x00000000000041d4                TEE_ResetPersistentObjectEnumerator
                0x00000000000041fc                TEE_StartPersistentObjectEnumerator
                0x000000000000424c                TEE_GetNextPersistentObject
                0x0000000000004368                __GP11_TEE_GetNextPersistentObject
                0x0000000000004494                TEE_ReadObjectData
                0x000000000000455c                __GP11_TEE_ReadObjectData
                0x00000000000045f4                TEE_WriteObjectData
                0x000000000000466c                __GP11_TEE_WriteObjectData
                0x0000000000004674                TEE_TruncateObjectData
                0x00000000000046d0                __GP11_TEE_TruncateObjectData
                0x00000000000046d8                TEE_SeekObjectData
                0x00000000000047f0                __GP11_TEE_SeekObjectData
 .text          0x00000000000047f8      0x21c /home/avees/Linux_for_Tegra/sources/tegra/optee-src/nv-optee/optee/build/t234/export-ta_arm64/lib/libutee.a(tee_api_panic.o)
                0x0000000000004814                TEE_Panic
                0x000000000000482c                __utee_check_outbuf_annotation
                0x0000000000004878                __utee_check_gp11_outbuf_annotation
                0x00000000000048c4                __utee_check_instring_annotation
                0x00000000000048f4                __utee_check_outstring_annotation
                0x0000000000004940                __utee_check_gp11_outstring_annotation
                0x000000000000498c                __utee_check_out_annotation
                0x00000000000049ac                __utee_check_attr_in_annotation
                0x00000000000049d0                __utee_check_gp11_attr_in_annotation
                0x00000000000049f4                __utee_check_inout_annotation
 .text          0x0000000000004a14      0x310 /home/avees/Linux_for_Tegra/sources/tegra/optee-src/nv-optee/optee/build/t234/export-ta_arm64/lib/libutee.a(tee_system_pta.o)
                0x0000000000004a9c                tee_map_zi
                0x0000000000004b4c                tee_unmap
                0x0000000000004c14                tee_invoke_supp_plugin
 .text          0x0000000000004d24      0x74c /home/avees/Linux_for_Tegra/sources/tegra/optee-src/nv-optee/optee/build/t234/export-ta_arm64/lib/libutee.a(user_ta_entry.o)
                0x0000000000004fe8                __utee_call_elf_init_fn
                0x0000000000005140                __utee_call_elf_fini_fn
                0x00000000000051e8                __utee_entry
 .text._utee_panic
                0x0000000000005470        0xc /home/avees/Linux_for_Tegra/sources/tegra/optee-src/nv-optee/optee/build/t234/export-ta_arm64/lib/libutee.a(utee_syscalls_a64.o)
                0x0000000000005470                _utee_panic
 .text._utee_return
                0x000000000000547c        0xc /home/avees/Linux_for_Tegra/sources/tegra/optee-src/nv-optee/optee/build/t234/export-ta_arm64/lib/libutee.a(utee_syscalls_a64.o)
                0x000000000000547c                _utee_return
 .text._utee_log
                0x0000000000005488        0xc /home/avees/Linux_for_Tegra/sources/tegra/optee-src/nv-optee/optee/build/t234/export-ta_arm64/lib/libutee.a(utee_syscalls_a64.o)
                0x0000000000005488                _utee_log
 .text.__utee_panic
                0x0000000000005494        0xc /home/avees/Linux_for_Tegra/sources/tegra/optee-src/nv-optee/optee/build/t234/export-ta_arm64/lib/libutee.a(utee_syscalls_a64.o)
                0x0000000000005494                __utee_panic
 .text._utee_get_property
                0x00000000000054a0        0xc /home/avees/Linux_for_Tegra/sources/tegra/optee-src/nv-optee/optee/build/t234/export-ta_arm64/lib/libutee.a(utee_syscalls_a64.o)
                0x00000000000054a0                _utee_get_property
 .text._utee_get_property_name_to_index
                0x00000000000054ac        0xc /home/avees/Linux_for_Tegra/sources/tegra/optee-src/nv-optee/optee/build/t234/export-ta_arm64/lib/libutee.a(utee_syscalls_a64.o)
                0x00000000000054ac                _utee_get_property_name_to_index
 .text._utee_open_ta_session
                0x00000000000054b8        0xc /home/avees/Linux_for_Tegra/sources/tegra/optee-src/nv-optee/optee/build/t234/export-ta_arm64/lib/libutee.a(utee_syscalls_a64.o)
                0x00000000000054b8                _utee_open_ta_session
 .text._utee_close_ta_session
                0x00000000000054c4        0xc /home/avees/Linux_for_Tegra/sources/tegra/optee-src/nv-optee/optee/build/t234/export-ta_arm64/lib/libutee.a(utee_syscalls_a64.o)
                0x00000000000054c4                _utee_close_ta_session
 .text._utee_invoke_ta_command
                0x00000000000054d0        0xc /home/avees/Linux_for_Tegra/sources/tegra/optee-src/nv-optee/optee/build/t234/export-ta_arm64/lib/libutee.a(utee_syscalls_a64.o)
                0x00000000000054d0                _utee_invoke_ta_command
 .text._utee_get_cancellation_flag
                0x00000000000054dc        0xc /home/avees/Linux_for_Tegra/sources/tegra/optee-src/nv-optee/optee/build/t234/export-ta_arm64/lib/libutee.a(utee_syscalls_a64.o)
                0x00000000000054dc                _utee_get_cancellation_flag
 .text._utee_check_access_rights
                0x00000000000054e8        0xc /home/avees/Linux_for_Tegra/sources/tegra/optee-src/nv-optee/optee/build/t234/export-ta_arm64/lib/libutee.a(utee_syscalls_a64.o)
                0x00000000000054e8                _utee_check_access_rights
 .text._utee_unmask_cancellation
                0x00000000000054f4        0xc /home/avees/Linux_for_Tegra/sources/tegra/optee-src/nv-optee/optee/build/t234/export-ta_arm64/lib/libutee.a(utee_syscalls_a64.o)
                0x00000000000054f4                _utee_unmask_cancellation
 .text._utee_mask_cancellation
                0x0000000000005500        0xc /home/avees/Linux_for_Tegra/sources/tegra/optee-src/nv-optee/optee/build/t234/export-ta_arm64/lib/libutee.a(utee_syscalls_a64.o)
                0x0000000000005500                _utee_mask_cancellation
 .text._utee_wait
                0x000000000000550c        0xc /home/avees/Linux_for_Tegra/sources/tegra/optee-src/nv-optee/optee/build/t234/export-ta_arm64/lib/libutee.a(utee_syscalls_a64.o)
                0x000000000000550c                _utee_wait
 .text._utee_get_time
                0x0000000000005518        0xc /home/avees/Linux_for_Tegra/sources/tegra/optee-src/nv-optee/optee/build/t234/export-ta_arm64/lib/libutee.a(utee_syscalls_a64.o)
                0x0000000000005518                _utee_get_time
 .text._utee_set_ta_time
                0x0000000000005524        0xc /home/avees/Linux_for_Tegra/sources/tegra/optee-src/nv-optee/optee/build/t234/export-ta_arm64/lib/libutee.a(utee_syscalls_a64.o)
                0x0000000000005524                _utee_set_ta_time
 .text._utee_cryp_state_alloc
                0x0000000000005530        0xc /home/avees/Linux_for_Tegra/sources/tegra/optee-src/nv-optee/optee/build/t234/export-ta_arm64/lib/libutee.a(utee_syscalls_a64.o)
                0x0000000000005530                _utee_cryp_state_alloc
 .text._utee_cryp_state_copy
                0x000000000000553c        0xc /home/avees/Linux_for_Tegra/sources/tegra/optee-src/nv-optee/optee/build/t234/export-ta_arm64/lib/libutee.a(utee_syscalls_a64.o)
                0x000000000000553c                _utee_cryp_state_copy
 .text._utee_cryp_state_free
                0x0000000000005548        0xc /home/avees/Linux_for_Tegra/sources/tegra/optee-src/nv-optee/optee/build/t234/export-ta_arm64/lib/libutee.a(utee_syscalls_a64.o)
                0x0000000000005548                _utee_cryp_state_free
 .text._utee_hash_init
                0x0000000000005554        0xc /home/avees/Linux_for_Tegra/sources/tegra/optee-src/nv-optee/optee/build/t234/export-ta_arm64/lib/libutee.a(utee_syscalls_a64.o)
                0x0000000000005554                _utee_hash_init
 .text._utee_hash_update
                0x0000000000005560        0xc /home/avees/Linux_for_Tegra/sources/tegra/optee-src/nv-optee/optee/build/t234/export-ta_arm64/lib/libutee.a(utee_syscalls_a64.o)
                0x0000000000005560                _utee_hash_update
 .text._utee_hash_final
                0x000000000000556c        0xc /home/avees/Linux_for_Tegra/sources/tegra/optee-src/nv-optee/optee/build/t234/export-ta_arm64/lib/libutee.a(utee_syscalls_a64.o)
                0x000000000000556c                _utee_hash_final
 .text._utee_cipher_init
                0x0000000000005578        0xc /home/avees/Linux_for_Tegra/sources/tegra/optee-src/nv-optee/optee/build/t234/export-ta_arm64/lib/libutee.a(utee_syscalls_a64.o)
                0x0000000000005578                _utee_cipher_init
 .text._utee_cipher_update
                0x0000000000005584        0xc /home/avees/Linux_for_Tegra/sources/tegra/optee-src/nv-optee/optee/build/t234/export-ta_arm64/lib/libutee.a(utee_syscalls_a64.o)
                0x0000000000005584                _utee_cipher_update
 .text._utee_cipher_final
                0x0000000000005590        0xc /home/avees/Linux_for_Tegra/sources/tegra/optee-src/nv-optee/optee/build/t234/export-ta_arm64/lib/libutee.a(utee_syscalls_a64.o)
                0x0000000000005590                _utee_cipher_final
 .text._utee_cryp_obj_get_info
                0x000000000000559c        0xc /home/avees/Linux_for_Tegra/sources/tegra/optee-src/nv-optee/optee/build/t234/export-ta_arm64/lib/libutee.a(utee_syscalls_a64.o)
                0x000000000000559c                _utee_cryp_obj_get_info
 .text._utee_cryp_obj_restrict_usage
                0x00000000000055a8        0xc /home/avees/Linux_for_Tegra/sources/tegra/optee-src/nv-optee/optee/build/t234/export-ta_arm64/lib/libutee.a(utee_syscalls_a64.o)
                0x00000000000055a8                _utee_cryp_obj_restrict_usage
 .text._utee_cryp_obj_get_attr
                0x00000000000055b4        0xc /home/avees/Linux_for_Tegra/sources/tegra/optee-src/nv-optee/optee/build/t234/export-ta_arm64/lib/libutee.a(utee_syscalls_a64.o)
                0x00000000000055b4                _utee_cryp_obj_get_attr
 .text._utee_cryp_obj_alloc
                0x00000000000055c0        0xc /home/avees/Linux_for_Tegra/sources/tegra/optee-src/nv-optee/optee/build/t234/export-ta_arm64/lib/libutee.a(utee_syscalls_a64.o)
                0x00000000000055c0                _utee_cryp_obj_alloc
 .text._utee_cryp_obj_close
                0x00000000000055cc        0xc /home/avees/Linux_for_Tegra/sources/tegra/optee-src/nv-optee/optee/build/t234/export-ta_arm64/lib/libutee.a(utee_syscalls_a64.o)
                0x00000000000055cc                _utee_cryp_obj_close
 .text._utee_cryp_obj_reset
                0x00000000000055d8        0xc /home/avees/Linux_for_Tegra/sources/tegra/optee-src/nv-optee/optee/build/t234/export-ta_arm64/lib/libutee.a(utee_syscalls_a64.o)
                0x00000000000055d8                _utee_cryp_obj_reset
 .text._utee_cryp_obj_populate
                0x00000000000055e4        0xc /home/avees/Linux_for_Tegra/sources/tegra/optee-src/nv-optee/optee/build/t234/export-ta_arm64/lib/libutee.a(utee_syscalls_a64.o)
                0x00000000000055e4                _utee_cryp_obj_populate
 .text._utee_cryp_obj_copy
                0x00000000000055f0        0xc /home/avees/Linux_for_Tegra/sources/tegra/optee-src/nv-optee/optee/build/t234/export-ta_arm64/lib/libutee.a(utee_syscalls_a64.o)
                0x00000000000055f0                _utee_cryp_obj_copy
 .text._utee_cryp_derive_key
                0x00000000000055fc        0xc /home/avees/Linux_for_Tegra/sources/tegra/optee-src/nv-optee/optee/build/t234/export-ta_arm64/lib/libutee.a(utee_syscalls_a64.o)
                0x00000000000055fc                _utee_cryp_derive_key
 .text._utee_cryp_random_number_generate
                0x0000000000005608        0xc /home/avees/Linux_for_Tegra/sources/tegra/optee-src/nv-optee/optee/build/t234/export-ta_arm64/lib/libutee.a(utee_syscalls_a64.o)
                0x0000000000005608                _utee_cryp_random_number_generate
 .text._utee_authenc_init
                0x0000000000005614        0xc /home/avees/Linux_for_Tegra/sources/tegra/optee-src/nv-optee/optee/build/t234/export-ta_arm64/lib/libutee.a(utee_syscalls_a64.o)
                0x0000000000005614                _utee_authenc_init
 .text._utee_authenc_update_aad
                0x0000000000005620        0xc /home/avees/Linux_for_Tegra/sources/tegra/optee-src/nv-optee/optee/build/t234/export-ta_arm64/lib/libutee.a(utee_syscalls_a64.o)
                0x0000000000005620                _utee_authenc_update_aad
 .text._utee_authenc_update_payload
                0x000000000000562c        0xc /home/avees/Linux_for_Tegra/sources/tegra/optee-src/nv-optee/optee/build/t234/export-ta_arm64/lib/libutee.a(utee_syscalls_a64.o)
                0x000000000000562c                _utee_authenc_update_payload
 .text._utee_authenc_enc_final
                0x0000000000005638        0xc /home/avees/Linux_for_Tegra/sources/tegra/optee-src/nv-optee/optee/build/t234/export-ta_arm64/lib/libutee.a(utee_syscalls_a64.o)
                0x0000000000005638                _utee_authenc_enc_final
 .text._utee_authenc_dec_final
                0x0000000000005644        0xc /home/avees/Linux_for_Tegra/sources/tegra/optee-src/nv-optee/optee/build/t234/export-ta_arm64/lib/libutee.a(utee_syscalls_a64.o)
                0x0000000000005644                _utee_authenc_dec_final
 .text._utee_asymm_operate
                0x0000000000005650        0xc /home/avees/Linux_for_Tegra/sources/tegra/optee-src/nv-optee/optee/build/t234/export-ta_arm64/lib/libutee.a(utee_syscalls_a64.o)
                0x0000000000005650                _utee_asymm_operate
 .text._utee_asymm_verify
                0x000000000000565c        0xc /home/avees/Linux_for_Tegra/sources/tegra/optee-src/nv-optee/optee/build/t234/export-ta_arm64/lib/libutee.a(utee_syscalls_a64.o)
                0x000000000000565c                _utee_asymm_verify
 .text._utee_storage_obj_open
                0x0000000000005668        0xc /home/avees/Linux_for_Tegra/sources/tegra/optee-src/nv-optee/optee/build/t234/export-ta_arm64/lib/libutee.a(utee_syscalls_a64.o)
                0x0000000000005668                _utee_storage_obj_open
 .text._utee_storage_obj_create
                0x0000000000005674        0xc /home/avees/Linux_for_Tegra/sources/tegra/optee-src/nv-optee/optee/build/t234/export-ta_arm64/lib/libutee.a(utee_syscalls_a64.o)
                0x0000000000005674                _utee_storage_obj_create
 .text._utee_storage_obj_del
                0x0000000000005680        0xc /home/avees/Linux_for_Tegra/sources/tegra/optee-src/nv-optee/optee/build/t234/export-ta_arm64/lib/libutee.a(utee_syscalls_a64.o)
                0x0000000000005680                _utee_storage_obj_del
 .text._utee_storage_obj_rename
                0x000000000000568c        0xc /home/avees/Linux_for_Tegra/sources/tegra/optee-src/nv-optee/optee/build/t234/export-ta_arm64/lib/libutee.a(utee_syscalls_a64.o)
                0x000000000000568c                _utee_storage_obj_rename
 .text._utee_storage_alloc_enum
                0x0000000000005698        0xc /home/avees/Linux_for_Tegra/sources/tegra/optee-src/nv-optee/optee/build/t234/export-ta_arm64/lib/libutee.a(utee_syscalls_a64.o)
                0x0000000000005698                _utee_storage_alloc_enum
 .text._utee_storage_free_enum
                0x00000000000056a4        0xc /home/avees/Linux_for_Tegra/sources/tegra/optee-src/nv-optee/optee/build/t234/export-ta_arm64/lib/libutee.a(utee_syscalls_a64.o)
                0x00000000000056a4                _utee_storage_free_enum
 .text._utee_storage_reset_enum
                0x00000000000056b0        0xc /home/avees/Linux_for_Tegra/sources/tegra/optee-src/nv-optee/optee/build/t234/export-ta_arm64/lib/libutee.a(utee_syscalls_a64.o)
                0x00000000000056b0                _utee_storage_reset_enum
 .text._utee_storage_start_enum
                0x00000000000056bc        0xc /home/avees/Linux_for_Tegra/sources/tegra/optee-src/nv-optee/optee/build/t234/export-ta_arm64/lib/libutee.a(utee_syscalls_a64.o)
                0x00000000000056bc                _utee_storage_start_enum
 .text._utee_storage_next_enum
                0x00000000000056c8        0xc /home/avees/Linux_for_Tegra/sources/tegra/optee-src/nv-optee/optee/build/t234/export-ta_arm64/lib/libutee.a(utee_syscalls_a64.o)
                0x00000000000056c8                _utee_storage_next_enum
 .text._utee_storage_obj_read
                0x00000000000056d4        0xc /home/avees/Linux_for_Tegra/sources/tegra/optee-src/nv-optee/optee/build/t234/export-ta_arm64/lib/libutee.a(utee_syscalls_a64.o)
                0x00000000000056d4                _utee_storage_obj_read
 .text._utee_storage_obj_write
                0x00000000000056e0        0xc /home/avees/Linux_for_Tegra/sources/tegra/optee-src/nv-optee/optee/build/t234/export-ta_arm64/lib/libutee.a(utee_syscalls_a64.o)
                0x00000000000056e0                _utee_storage_obj_write
 .text._utee_storage_obj_trunc
                0x00000000000056ec        0xc /home/avees/Linux_for_Tegra/sources/tegra/optee-src/nv-optee/optee/build/t234/export-ta_arm64/lib/libutee.a(utee_syscalls_a64.o)
                0x00000000000056ec                _utee_storage_obj_trunc
 .text._utee_storage_obj_seek
                0x00000000000056f8        0xc /home/avees/Linux_for_Tegra/sources/tegra/optee-src/nv-optee/optee/build/t234/export-ta_arm64/lib/libutee.a(utee_syscalls_a64.o)
                0x00000000000056f8                _utee_storage_obj_seek
 .text._utee_cryp_obj_generate_key
                0x0000000000005704        0xc /home/avees/Linux_for_Tegra/sources/tegra/optee-src/nv-optee/optee/build/t234/export-ta_arm64/lib/libutee.a(utee_syscalls_a64.o)
                0x0000000000005704                _utee_cryp_obj_generate_key
 .text._utee_cache_operation
                0x0000000000005710        0xc /home/avees/Linux_for_Tegra/sources/tegra/optee-src/nv-optee/optee/build/t234/export-ta_arm64/lib/libutee.a(utee_syscalls_a64.o)
                0x0000000000005710                _utee_cache_operation
 .text.unlikely
                0x000000000000571c       0x20 /home/avees/Linux_for_Tegra/sources/tegra/optee-src/nv-optee/optee/build/t234/export-ta_arm64/lib/libutee.a(abort.o)
                0x000000000000571c                abort
 .text          0x000000000000573c     0x212c /home/avees/Linux_for_Tegra/sources/tegra/optee-src/nv-optee/optee/build/t234/export-ta_arm64/lib/libutee.a(tee_api_arith_mpi.o)
                0x0000000000005fa0                _TEE_MathAPI_Init
                0x0000000000005ff0                TEE_BigIntInit
                0x0000000000006050                __GP11_TEE_BigIntInit
                0x0000000000006058                TEE_BigIntConvertFromOctetString
                0x0000000000006120                __GP11_TEE_BigIntConvertFromOctetString
                0x0000000000006128                TEE_BigIntConvertToOctetString
                0x00000000000061f0                __GP11_TEE_BigIntConvertToOctetString
                0x0000000000006250                TEE_BigIntConvertFromS32
                0x0000000000006300                TEE_BigIntConvertToS32
                0x00000000000063bc                TEE_BigIntCmp
                0x0000000000006450                TEE_BigIntCmpS32
                0x000000000000669c                TEE_BigIntShiftRight
                0x000000000000683c                __GP11_TEE_BigIntShiftRight
                0x0000000000006844                TEE_BigIntGetBit
                0x00000000000068c4                TEE_BigIntGetBitCount
                0x0000000000006938                TEE_BigIntSetBit
                0x00000000000069e8                TEE_BigIntAssign
                0x0000000000006a38                TEE_BigIntAbs
                0x0000000000006a64                TEE_BigIntAdd
                0x0000000000006a70                TEE_BigIntSub
                0x0000000000006a7c                TEE_BigIntNeg
                0x0000000000006b60                TEE_BigIntMul
                0x0000000000006c74                TEE_BigIntSquare
                0x0000000000006c7c                TEE_BigIntDiv
                0x0000000000006e30                TEE_BigIntMod
                0x0000000000006e9c                TEE_BigIntAddMod
                0x0000000000006ea8                TEE_BigIntSubMod
                0x0000000000006eb4                TEE_BigIntMulMod
                0x0000000000006ec0                TEE_BigIntSquareMod
                0x0000000000006ecc                TEE_BigIntInvMod
                0x000000000000701c                TEE_BigIntRelativePrime
                0x0000000000007124                TEE_BigIntExpMod
                0x00000000000072f8                TEE_BigIntComputeExtendedGcd
                0x0000000000007560                TEE_BigIntIsProbablePrime
                0x00000000000075e4                TEE_BigIntInitFMM
                0x00000000000075e8                __GP11_TEE_BigIntInitFMM
                0x00000000000075f0                TEE_BigIntInitFMMContext
                0x00000000000075f4                __GP11_TEE_BigIntInitFMMContext
                0x00000000000075fc                TEE_BigIntInitFMMContext1
                0x0000000000007604                TEE_BigIntFMMSizeInU32
                0x0000000000007614                __GP11_TEE_BigIntFMMSizeInU32
                0x000000000000762c                TEE_BigIntFMMContextSizeInU32
                0x0000000000007634                __GP11_TEE_BigIntFMMContextSizeInU32
                0x000000000000764c                TEE_BigIntConvertToFMM
                0x0000000000007650                TEE_BigIntConvertFromFMM
                0x0000000000007720                TEE_BigIntComputeFMM
 .text          0x0000000000007868      0xf78 /home/avees/Linux_for_Tegra/sources/tegra/optee-src/nv-optee/optee/build/t234/export-ta_arm64/lib/libutee.a(tee_api_property.o)
                0x0000000000007bf8                TEE_GetPropertyAsString
                0x0000000000007e54                __GP11_TEE_GetPropertyAsString
                0x0000000000007eec                TEE_GetPropertyAsBool
                0x0000000000007fc4                TEE_GetPropertyAsU32
                0x00000000000080ac                TEE_GetPropertyAsU64
                0x0000000000008194                __GP11_TEE_GetPropertyAsBinaryBlock
                0x0000000000008280                TEE_GetPropertyAsBinaryBlock
                0x0000000000008318                TEE_GetPropertyAsUUID
                0x0000000000008400                TEE_GetPropertyAsIdentity
                0x00000000000084e8                TEE_ResetPropertyEnumerator
                0x00000000000084f4                TEE_AllocatePropertyEnumerator
                0x000000000000853c                TEE_FreePropertyEnumerator
                0x0000000000008540                TEE_StartPropertyEnumerator
                0x0000000000008550                __GP11_TEE_GetPropertyName
                0x0000000000008678                TEE_GetPropertyName
                0x0000000000008700                TEE_GetNextProperty
 .text          0x00000000000087e0      0x34c /home/avees/Linux_for_Tegra/sources/tegra/optee-src/nv-optee/optee/build/t234/export-ta_arm64/lib/libutee.a(tcb.o)
                0x00000000000087e0                __utee_tcb_init
                0x0000000000008a20                __tls_get_addr
                0x0000000000008a3c                dl_iterate_phdr
 .text          0x0000000000008b2c       0x58 /home/avees/Linux_for_Tegra/sources/tegra/optee-src/nv-optee/optee/build/t234/export-ta_arm64/lib/libutee.a(assert.o)
                0x0000000000008b2c                _assert_log
                0x0000000000008b70                _assert_break
 .text          0x0000000000008b84      0x258 /home/avees/Linux_for_Tegra/sources/tegra/optee-src/nv-optee/optee/build/t234/export-ta_arm64/lib/libutee.a(base64.o)
                0x0000000000008b84                _base64_enc_len
                0x0000000000008b9c                _base64_enc
                0x0000000000008cb8                _base64_dec
 .text          0x0000000000008ddc     0x4190 /home/avees/Linux_for_Tegra/sources/tegra/optee-src/nv-optee/optee/build/t234/export-ta_arm64/lib/libmbedtls.a(bignum.o)
                0x00000000000095b0                mbedtls_mpi_init
                0x00000000000095c0                mbedtls_mpi_init_mempool
                0x00000000000095e8                mbedtls_mpi_free
                0x0000000000009654                mbedtls_mpi_grow
                0x00000000000097a8                mbedtls_mpi_shrink
                0x00000000000098c8                mbedtls_mpi_copy
                0x0000000000009994                mbedtls_mpi_swap
                0x0000000000009a1c                mbedtls_mpi_lset
                0x0000000000009a84                mbedtls_mpi_get_bit
                0x0000000000009ab0                mbedtls_mpi_set_bit
                0x0000000000009b3c                mbedtls_mpi_lsb
                0x0000000000009b90                mbedtls_mpi_bitlen
                0x0000000000009bec                mbedtls_mpi_size
                0x0000000000009c08                mbedtls_mpi_read_binary_le
                0x0000000000009c80                mbedtls_mpi_read_binary
                0x0000000000009d04                mbedtls_mpi_write_binary_le
                0x0000000000009dbc                mbedtls_mpi_write_binary
                0x0000000000009e80                mbedtls_mpi_shift_l
                0x0000000000009f90                mbedtls_mpi_shift_r
                0x000000000000a050                mbedtls_mpi_cmp_abs
                0x000000000000a0ec                mbedtls_mpi_cmp_mpi
                0x000000000000a1c0                mbedtls_mpi_cmp_int
                0x000000000000a234                mbedtls_mpi_add_abs
                0x000000000000a354                mbedtls_mpi_sub_abs
                0x000000000000a4b0                mbedtls_mpi_add_mpi
                0x000000000000a538                mbedtls_mpi_sub_mpi
                0x000000000000a5c4                mbedtls_mpi_add_int
                0x000000000000a638                mbedtls_mpi_sub_int
                0x000000000000a6ac                mbedtls_mpi_mul_mpi
                0x000000000000a858                mbedtls_mpi_mul_int
                0x000000000000a900                mbedtls_mpi_read_string
                0x000000000000ab0c                mbedtls_mpi_div_mpi
                0x000000000000b040                mbedtls_mpi_div_int
                0x000000000000b0b4                mbedtls_mpi_mod_mpi
                0x000000000000b168                mbedtls_mpi_mod_int
                0x000000000000b204                mbedtls_mpi_write_string
                0x000000000000b538                mbedtls_mpi_montg_init
                0x000000000000b540                mbedtls_mpi_montmul
                0x000000000000b548                mbedtls_mpi_montred
                0x000000000000b54c                mbedtls_mpi_exp_mod
                0x000000000000bc18                mbedtls_mpi_gcd
                0x000000000000bdf0                mbedtls_mpi_fill_random
                0x000000000000c0fc                mbedtls_mpi_random
                0x000000000000c2b4                mbedtls_mpi_inv_mod
                0x000000000000c70c                mbedtls_mpi_is_prime_ext
                0x000000000000c7e8                mbedtls_mpi_is_prime
                0x000000000000c7f8                mbedtls_mpi_gen_prime
                0x000000000000cb44                mbedtls_mpi_self_test
 .text          0x000000000000cf6c      0x7c0 /home/avees/Linux_for_Tegra/sources/tegra/optee-src/nv-optee/optee/build/t234/export-ta_arm64/lib/libmbedtls.a(constant_time.o)
                0x000000000000cf8c                mbedtls_ct_memcmp
                0x000000000000cfd4                mbedtls_ct_uint_mask
                0x000000000000cfe4                mbedtls_ct_mpi_uint_mask
                0x000000000000cff4                mbedtls_ct_size_bool_eq
                0x000000000000d00c                mbedtls_ct_mpi_uint_lt
                0x000000000000d028                mbedtls_ct_uint_if
                0x000000000000d058                mbedtls_ct_mpi_uint_cond_assign
                0x000000000000d094                mbedtls_ct_base64_enc_char
                0x000000000000d144                mbedtls_ct_base64_dec_value
                0x000000000000d200                mbedtls_mpi_safe_cond_assign
                0x000000000000d2bc                mbedtls_mpi_safe_cond_swap
                0x000000000000d3b8                mbedtls_mpi_lt_mpi_ct
                0x000000000000d4b0                mbedtls_ct_rsaes_pkcs1_v15_unpadding
 .text          0x000000000000d72c       0x20 /home/avees/Linux_for_Tegra/sources/tegra/optee-src/nv-optee/optee/build/t234/export-ta_arm64/lib/libmbedtls.a(platform_util.o)
                0x000000000000d72c                mbedtls_platform_zeroize
 .text          0x000000000000d74c      0xd00 /home/avees/Linux_for_Tegra/sources/tegra/optee-src/nv-optee/optee/build/t234/export-ta_arm64/lib/libutils.a(bget_malloc.o)
                0x000000000000d784                bget
                0x000000000000da4c                bgetz
                0x000000000000dad4                brel
                0x000000000000dd58                bgetr
                0x000000000000de28                bpool
                0x000000000000def8                raw_memalign
                0x000000000000df4c                raw_malloc
                0x000000000000df5c                raw_free
                0x000000000000df6c                raw_calloc
                0x000000000000dfbc                raw_realloc
                0x000000000000e0a4                malloc
                0x000000000000e0bc                calloc
                0x000000000000e0d8                realloc
                0x000000000000e0f0                memalign
                0x000000000000e10c                aligned_alloc
                0x000000000000e124                free
                0x000000000000e134                free_wipe
                0x000000000000e144                raw_malloc_get_ctx_size
                0x000000000000e14c                raw_malloc_init_ctx
                0x000000000000e178                raw_malloc_add_pool
                0x000000000000e240                raw_malloc_buffer_overlaps_heap
                0x000000000000e2c0                raw_malloc_buffer_is_within_alloced
                0x000000000000e410                malloc_add_pool
                0x000000000000e424                malloc_buffer_is_within_alloced
                0x000000000000e438                malloc_buffer_overlaps_heap
 .text          0x000000000000e44c      0x128 /home/avees/Linux_for_Tegra/sources/tegra/optee-src/nv-optee/optee/build/t234/export-ta_arm64/lib/libutils.a(snprintf.o)
                0x000000000000e44c                snprintf
                0x000000000000e51c                vsnprintf
 .text          0x000000000000e574       0x5c /home/avees/Linux_for_Tegra/sources/tegra/optee-src/nv-optee/optee/build/t234/export-ta_arm64/lib/libutils.a(memmove.o)
                0x000000000000e574                memmove
 .text          0x000000000000e5d0       0x1c /home/avees/Linux_for_Tegra/sources/tegra/optee-src/nv-optee/optee/build/t234/export-ta_arm64/lib/libutils.a(memset.o)
                0x000000000000e5d0                memset
 .text          0x000000000000e5ec       0x24 /home/avees/Linux_for_Tegra/sources/tegra/optee-src/nv-optee/optee/build/t234/export-ta_arm64/lib/libutils.a(strcmp.o)
                0x000000000000e5ec                strcmp
 .text          0x000000000000e610       0x58 /home/avees/Linux_for_Tegra/sources/tegra/optee-src/nv-optee/optee/build/t234/export-ta_arm64/lib/libutils.a(strlcpy.o)
                0x000000000000e610                strlcpy
 .text          0x000000000000e668      0x190 /home/avees/Linux_for_Tegra/sources/tegra/optee-src/nv-optee/optee/build/t234/export-ta_arm64/lib/libutils.a(mempool.o)
                0x000000000000e668                mempool_alloc_pool
                0x000000000000e730                mempool_alloc
                0x000000000000e794                mempool_calloc
                0x000000000000e7e4                mempool_free
 .text          0x000000000000e7f8       0x70 /home/avees/Linux_for_Tegra/sources/tegra/optee-src/nv-optee/optee/build/t234/export-ta_arm64/lib/libutils.a(consttime_memcmp.o)
                0x000000000000e7f8                consttime_memcmp
 .text          0x000000000000e868        0x0 /home/avees/Linux_for_Tegra/sources/tegra/optee-src/nv-optee/optee/build/t234/export-ta_arm64/lib/libutee.a(utee_syscalls_a64.o)
 .text          0x000000000000e868        0x0 /home/avees/Linux_for_Tegra/sources/tegra/optee-src/nv-optee/optee/build/t234/export-ta_arm64/lib/libutee.a(abort.o)
 *(SORT_BY_ALIGNMENT(.stub))
 *(SORT_BY_ALIGNMENT(.glue_7))
 *(SORT_BY_ALIGNMENT(.glue_7t))
 *(SORT_BY_ALIGNMENT(.gnu.linkonce.t.*))
 *(SORT_BY_ALIGNMENT(.vfp11_veneer))
                0x000000000000e868                __text_end = .

.note.gnu.property
 *(SORT_BY_ALIGNMENT(.note.gnu.property))

.plt            0x000000000000e868        0x0
 *(SORT_BY_ALIGNMENT(.plt))
 .plt           0x000000000000e868        0x0 ../build/ta/ta.o

.eh_frame_hdr
 *(SORT_BY_ALIGNMENT(.eh_frame_hdr))
 *(SORT_BY_ALIGNMENT(.eh_frame_entry) SORT_BY_ALIGNMENT(.eh_frame_entry.*))

.eh_frame       0x000000000000e868     0x30a4
 *(SORT_BY_ALIGNMENT(.eh_frame))
 .eh_frame      0x000000000000e868       0x78 ../build/ta/ta.o
 .eh_frame      0x000000000000e8e0       0x90 ../build/ta/ta_secure_storage.o
                                         0xa8 (size before relaxing)
 .eh_frame      0x000000000000e970       0xa0 ../build/ta/ta_crypto.o
                                         0xb8 (size before relaxing)
 .eh_frame      0x000000000000ea10       0x30 ../build/ta/user_ta_header.o
                                         0x40 (size before relaxing)
 .eh_frame      0x000000000000ea40       0x18 /home/avees/Linux_for_Tegra/sources/tegra/optee-src/nv-optee/optee/build/t234/export-ta_arm64/lib/libutils.a(stack_check.o)
                                         0x30 (size before relaxing)
 .eh_frame      0x000000000000ea58       0xb8 /home/avees/Linux_for_Tegra/sources/tegra/optee-src/nv-optee/optee/build/t234/export-ta_arm64/lib/libutils.a(trace.o)
                                         0xc8 (size before relaxing)
 .eh_frame      0x000000000000eb10       0x18 /home/avees/Linux_for_Tegra/sources/tegra/optee-src/nv-optee/optee/build/t234/export-ta_arm64/lib/libutils.a(memcpy.o)
                                         0x28 (size before relaxing)
 .eh_frame      0x000000000000eb28       0xf0 /home/avees/Linux_for_Tegra/sources/tegra/optee-src/nv-optee/optee/build/t234/export-ta_arm64/lib/libutils.a(snprintk.o)
                                        0x100 (size before relaxing)
 .eh_frame      0x000000000000ec18       0x18 /home/avees/Linux_for_Tegra/sources/tegra/optee-src/nv-optee/optee/build/t234/export-ta_arm64/lib/libutils.a(memchr.o)
                                         0x28 (size before relaxing)
 .eh_frame      0x000000000000ec30       0x18 /home/avees/Linux_for_Tegra/sources/tegra/optee-src/nv-optee/optee/build/t234/export-ta_arm64/lib/libutils.a(strlen.o)
                                         0x28 (size before relaxing)
 .eh_frame      0x000000000000ec48       0xa8 /home/avees/Linux_for_Tegra/sources/tegra/optee-src/nv-optee/optee/build/t234/export-ta_arm64/lib/libutee.a(trace_ext.o)
                                         0xc0 (size before relaxing)
 .eh_frame      0x000000000000ecf0      0x588 /home/avees/Linux_for_Tegra/sources/tegra/optee-src/nv-optee/optee/build/t234/export-ta_arm64/lib/libutee.a(tee_api.o)
                                        0x5a0 (size before relaxing)
 .eh_frame      0x000000000000f278      0x750 /home/avees/Linux_for_Tegra/sources/tegra/optee-src/nv-optee/optee/build/t234/export-ta_arm64/lib/libutee.a(tee_api_objects.o)
                                        0x768 (size before relaxing)
 .eh_frame      0x000000000000f9c8      0x180 /home/avees/Linux_for_Tegra/sources/tegra/optee-src/nv-optee/optee/build/t234/export-ta_arm64/lib/libutee.a(tee_api_panic.o)
                                        0x198 (size before relaxing)
 .eh_frame      0x000000000000fb48       0xc0 /home/avees/Linux_for_Tegra/sources/tegra/optee-src/nv-optee/optee/build/t234/export-ta_arm64/lib/libutee.a(tee_system_pta.o)
                                         0xd0 (size before relaxing)
 .eh_frame      0x000000000000fc08      0x150 /home/avees/Linux_for_Tegra/sources/tegra/optee-src/nv-optee/optee/build/t234/export-ta_arm64/lib/libutee.a(user_ta_entry.o)
                                        0x168 (size before relaxing)
 .eh_frame      0x000000000000fd58       0x18 /home/avees/Linux_for_Tegra/sources/tegra/optee-src/nv-optee/optee/build/t234/export-ta_arm64/lib/libutee.a(abort.o)
                                         0x30 (size before relaxing)
 .eh_frame      0x000000000000fd70      0x7d0 /home/avees/Linux_for_Tegra/sources/tegra/optee-src/nv-optee/optee/build/t234/export-ta_arm64/lib/libutee.a(tee_api_arith_mpi.o)
                                        0x7e0 (size before relaxing)
 .eh_frame      0x0000000000010540      0x2f8 /home/avees/Linux_for_Tegra/sources/tegra/optee-src/nv-optee/optee/build/t234/export-ta_arm64/lib/libutee.a(tee_api_property.o)
                                        0x308 (size before relaxing)
 .eh_frame      0x0000000000010838       0x90 /home/avees/Linux_for_Tegra/sources/tegra/optee-src/nv-optee/optee/build/t234/export-ta_arm64/lib/libutee.a(tcb.o)
                                         0xa8 (size before relaxing)
 .eh_frame      0x00000000000108c8       0x38 /home/avees/Linux_for_Tegra/sources/tegra/optee-src/nv-optee/optee/build/t234/export-ta_arm64/lib/libutee.a(assert.o)
                                         0x50 (size before relaxing)
 .eh_frame      0x0000000000010900       0x58 /home/avees/Linux_for_Tegra/sources/tegra/optee-src/nv-optee/optee/build/t234/export-ta_arm64/lib/libutee.a(base64.o)
                                         0x70 (size before relaxing)
 .eh_frame      0x0000000000010958      0x988 /home/avees/Linux_for_Tegra/sources/tegra/optee-src/nv-optee/optee/build/t234/export-ta_arm64/lib/libmbedtls.a(bignum.o)
                                        0x9a0 (size before relaxing)
 .eh_frame      0x00000000000112e0      0x1e0 /home/avees/Linux_for_Tegra/sources/tegra/optee-src/nv-optee/optee/build/t234/export-ta_arm64/lib/libmbedtls.a(constant_time.o)
                                        0x1f8 (size before relaxing)
 .eh_frame      0x00000000000114c0       0x18 /home/avees/Linux_for_Tegra/sources/tegra/optee-src/nv-optee/optee/build/t234/export-ta_arm64/lib/libmbedtls.a(platform_util.o)
                                         0x28 (size before relaxing)
 .eh_frame      0x00000000000114d8      0x2d8 /home/avees/Linux_for_Tegra/sources/tegra/optee-src/nv-optee/optee/build/t234/export-ta_arm64/lib/libutils.a(bget_malloc.o)
                                        0x2e8 (size before relaxing)
 .eh_frame      0x00000000000117b0       0x58 /home/avees/Linux_for_Tegra/sources/tegra/optee-src/nv-optee/optee/build/t234/export-ta_arm64/lib/libutils.a(snprintf.o)
                                         0x68 (size before relaxing)
 .eh_frame      0x0000000000011808       0x18 /home/avees/Linux_for_Tegra/sources/tegra/optee-src/nv-optee/optee/build/t234/export-ta_arm64/lib/libutils.a(memmove.o)
                                         0x28 (size before relaxing)
 .eh_frame      0x0000000000011820       0x18 /home/avees/Linux_for_Tegra/sources/tegra/optee-src/nv-optee/optee/build/t234/export-ta_arm64/lib/libutils.a(memset.o)
                                         0x28 (size before relaxing)
 .eh_frame      0x0000000000011838       0x18 /home/avees/Linux_for_Tegra/sources/tegra/optee-src/nv-optee/optee/build/t234/export-ta_arm64/lib/libutils.a(strcmp.o)
                                         0x28 (size before relaxing)
 .eh_frame      0x0000000000011850       0x18 /home/avees/Linux_for_Tegra/sources/tegra/optee-src/nv-optee/optee/build/t234/export-ta_arm64/lib/libutils.a(strlcpy.o)
                                         0x28 (size before relaxing)
 .eh_frame      0x0000000000011868       0x88 /home/avees/Linux_for_Tegra/sources/tegra/optee-src/nv-optee/optee/build/t234/export-ta_arm64/lib/libutils.a(mempool.o)
                                         0xa0 (size before relaxing)
 .eh_frame      0x00000000000118f0       0x1c /home/avees/Linux_for_Tegra/sources/tegra/optee-src/nv-optee/optee/build/t234/export-ta_arm64/lib/libutils.a(consttime_memcmp.o)
                                         0x30 (size before relaxing)
 *(SORT_BY_ALIGNMENT(.eh_frame.*))

.gcc_except_table
 *(SORT_BY_ALIGNMENT(.gcc_except_table) SORT_BY_ALIGNMENT(.gcc_except_table.*))

.rodata         0x0000000000011910     0x1274
 *(SORT_BY_ALIGNMENT(.gnu.linkonce.r.*))
 *(SORT_BY_ALIGNMENT(.rodata) SORT_BY_ALIGNMENT(.rodata.*))
 .rodata.user_ta_header.c
                0x0000000000011910       0x33 ../build/ta/user_ta_header.o
                0x0000000000011910                ta_num_props
                0x0000000000011930                __ta_no_share_heap_size
                0x0000000000011938                ta_heap_size
                0x0000000000011940                trace_ext_prefix
 *fill*         0x0000000000011943        0x5 
 .rodata.lib/libutee/tee_api.c
                0x0000000000011948       0x20 /home/avees/Linux_for_Tegra/sources/tegra/optee-src/nv-optee/optee/build/t234/export-ta_arm64/lib/libutee.a(tee_api.o)
 .rodata.ta.c   0x0000000000011968        0x6 ../build/ta/ta.o
 *fill*         0x000000000001196e        0x2 
 .rodata.lib/libutils/ext/snprintk.c
                0x0000000000011970       0xac /home/avees/Linux_for_Tegra/sources/tegra/optee-src/nv-optee/optee/build/t234/export-ta_arm64/lib/libutils.a(snprintk.o)
 .rodata.lib/libutee/tee_system_pta.c
                0x0000000000011a1c       0x31 /home/avees/Linux_for_Tegra/sources/tegra/optee-src/nv-optee/optee/build/t234/export-ta_arm64/lib/libutee.a(tee_system_pta.o)
 *fill*         0x0000000000011a4d        0x3 
 .rodata.lib/libutee/tee_api_property.c
                0x0000000000011a50       0x20 /home/avees/Linux_for_Tegra/sources/tegra/optee-src/nv-optee/optee/build/t234/export-ta_arm64/lib/libutee.a(tee_api_property.o)
 .rodata.lib/libutee/base64.c
                0x0000000000011a70       0x45 /home/avees/Linux_for_Tegra/sources/tegra/optee-src/nv-optee/optee/build/t234/export-ta_arm64/lib/libutee.a(base64.o)
 *fill*         0x0000000000011ab5        0x3 
 .rodata.lib/libmbedtls/mbedtls/library/bignum.c
                0x0000000000011ab8      0x2c4 /home/avees/Linux_for_Tegra/sources/tegra/optee-src/nv-optee/optee/build/t234/export-ta_arm64/lib/libmbedtls.a(bignum.o)
 .rodata.str1.1.ta_crypto.c
                0x0000000000011d7c        0xc ../build/ta/ta_crypto.o
 .rodata.str1.1.user_ta_header.c
                0x0000000000011d88      0x15f ../build/ta/user_ta_header.o
 .rodata.str1.1.lib/libutils/isoc/stack_check.c
                0x0000000000011ee7       0x18 /home/avees/Linux_for_Tegra/sources/tegra/optee-src/nv-optee/optee/build/t234/export-ta_arm64/lib/libutils.a(stack_check.o)
 .rodata.str1.1.lib/libutils/ext/trace.c
                0x0000000000011eff       0x1a /home/avees/Linux_for_Tegra/sources/tegra/optee-src/nv-optee/optee/build/t234/export-ta_arm64/lib/libutils.a(trace.o)
                                         0x1b (size before relaxing)
 .rodata.lib/libutils/ext/trace.c
                0x0000000000011f19        0x5 /home/avees/Linux_for_Tegra/sources/tegra/optee-src/nv-optee/optee/build/t234/export-ta_arm64/lib/libutils.a(trace.o)
 .rodata.str1.1.lib/libutils/ext/snprintk.c
                0x0000000000011f1e       0x38 /home/avees/Linux_for_Tegra/sources/tegra/optee-src/nv-optee/optee/build/t234/export-ta_arm64/lib/libutils.a(snprintk.o)
 .rodata.str1.1.lib/libutee/trace_ext.c
                0x0000000000011f56       0x38 /home/avees/Linux_for_Tegra/sources/tegra/optee-src/nv-optee/optee/build/t234/export-ta_arm64/lib/libutee.a(trace_ext.o)
                                          0x2 (size before relaxing)
 .rodata.str1.1.lib/libutee/tee_api.c
                0x0000000000011f56       0x11 /home/avees/Linux_for_Tegra/sources/tegra/optee-src/nv-optee/optee/build/t234/export-ta_arm64/lib/libutee.a(tee_api.o)
 .rodata.str1.1.lib/libutee/tee_system_pta.c
                0x0000000000011f67       0x55 /home/avees/Linux_for_Tegra/sources/tegra/optee-src/nv-optee/optee/build/t234/export-ta_arm64/lib/libutee.a(tee_system_pta.o)
 .rodata.str1.1.lib/libutee/user_ta_entry.c
                0x0000000000011fbc       0x4f /home/avees/Linux_for_Tegra/sources/tegra/optee-src/nv-optee/optee/build/t234/export-ta_arm64/lib/libutee.a(user_ta_entry.o)
 .rodata.lib/libutee/user_ta_entry.c
                0x000000000001200b       0x16 /home/avees/Linux_for_Tegra/sources/tegra/optee-src/nv-optee/optee/build/t234/export-ta_arm64/lib/libutee.a(user_ta_entry.o)
 .rodata.str1.1.lib/libutee/abort.c
                0x0000000000012021        0x7 /home/avees/Linux_for_Tegra/sources/tegra/optee-src/nv-optee/optee/build/t234/export-ta_arm64/lib/libutee.a(abort.o)
 .rodata.str1.1.lib/libutee/tee_api_arith_mpi.c
                0x0000000000012028       0xc9 /home/avees/Linux_for_Tegra/sources/tegra/optee-src/nv-optee/optee/build/t234/export-ta_arm64/lib/libutee.a(tee_api_arith_mpi.o)
 .rodata.lib/libutee/tee_api_arith_mpi.c
                0x00000000000120f1      0x14e /home/avees/Linux_for_Tegra/sources/tegra/optee-src/nv-optee/optee/build/t234/export-ta_arm64/lib/libutee.a(tee_api_arith_mpi.o)
 .rodata.str1.1.lib/libutee/tee_api_property.c
                0x000000000001223f       0x83 /home/avees/Linux_for_Tegra/sources/tegra/optee-src/nv-optee/optee/build/t234/export-ta_arm64/lib/libutee.a(tee_api_property.o)
                                         0x88 (size before relaxing)
 .rodata.str1.1.lib/libutee/tcb.c
                0x00000000000122c2       0x8d /home/avees/Linux_for_Tegra/sources/tegra/optee-src/nv-optee/optee/build/t234/export-ta_arm64/lib/libutee.a(tcb.o)
 .rodata.lib/libutee/tcb.c
                0x000000000001234f       0x20 /home/avees/Linux_for_Tegra/sources/tegra/optee-src/nv-optee/optee/build/t234/export-ta_arm64/lib/libutee.a(tcb.o)
 .rodata.str1.1.lib/libutee/assert.c
                0x000000000001236f       0x27 /home/avees/Linux_for_Tegra/sources/tegra/optee-src/nv-optee/optee/build/t234/export-ta_arm64/lib/libutee.a(assert.o)
 .rodata.str1.1.lib/libmbedtls/mbedtls/library/bignum.c
                0x0000000000012396      0x456 /home/avees/Linux_for_Tegra/sources/tegra/optee-src/nv-optee/optee/build/t234/export-ta_arm64/lib/libmbedtls.a(bignum.o)
                                        0x45d (size before relaxing)
 .rodata.str1.1.lib/libutils/isoc/bget_malloc.c
                0x00000000000127ec      0x292 /home/avees/Linux_for_Tegra/sources/tegra/optee-src/nv-optee/optee/build/t234/export-ta_arm64/lib/libutils.a(bget_malloc.o)
                                        0x29b (size before relaxing)
 .rodata.lib/libutils/isoc/bget_malloc.c
                0x0000000000012a7e       0x51 /home/avees/Linux_for_Tegra/sources/tegra/optee-src/nv-optee/optee/build/t234/export-ta_arm64/lib/libutils.a(bget_malloc.o)
 .rodata.str1.1.lib/libutils/ext/mempool.c
                0x0000000000012acf       0x89 /home/avees/Linux_for_Tegra/sources/tegra/optee-src/nv-optee/optee/build/t234/export-ta_arm64/lib/libutils.a(mempool.o)
 .rodata.lib/libutils/ext/mempool.c
                0x0000000000012b58       0x2c /home/avees/Linux_for_Tegra/sources/tegra/optee-src/nv-optee/optee/build/t234/export-ta_arm64/lib/libutils.a(mempool.o)

.gnu.version_d  0x0000000000012b88        0x0
 .gnu.version_d
                0x0000000000012b88        0x0 ../build/ta/ta.o

.gnu.version    0x0000000000012b84        0x0
 .gnu.version   0x0000000000012b84        0x0 ../build/ta/ta.o

.gnu.version_r  0x0000000000012b88        0x0
 .gnu.version_r
                0x0000000000012b88        0x0 ../build/ta/ta.o

.gnu.hash       0x0000000000012b88       0x30
 .gnu.hash      0x0000000000012b88       0x30 ../build/ta/ta.o

.ARM.extab
 *(SORT_BY_ALIGNMENT(.ARM.extab*) SORT_BY_ALIGNMENT(.gnu.linkonce.armextab.*))
                [!provide]                        PROVIDE (__exidx_start = .)

.ARM.exidx
 *(SORT_BY_ALIGNMENT(.ARM.exidx*) SORT_BY_ALIGNMENT(.gnu.linkonce.armexidx.*))
                [!provide]                        PROVIDE (__exidx_end = .)

.ctors
 *(SORT_BY_ALIGNMENT(.ctors))

.dtors
 *(SORT_BY_ALIGNMENT(.dtors))

.dynsym         0x0000000000012bb8       0x90
 *(SORT_BY_ALIGNMENT(.dynsym))
 .dynsym        0x0000000000012bb8       0x90 ../build/ta/ta.o

.dynstr         0x0000000000012c48       0x2e
 *(SORT_BY_ALIGNMENT(.dynstr))
 .dynstr        0x0000000000012c48       0x2e ../build/ta/ta.o

.hash           0x0000000000012c78       0x2c
 *(SORT_BY_ALIGNMENT(.hash))
 .hash          0x0000000000012c78       0x2c ../build/ta/ta.o

.rela.dyn       0x0000000000012ca8      0x348
 .rela.data.rel.ro
                0x0000000000012ca8        0x0 ../build/ta/ta.o
 .rela.ifunc    0x0000000000012ca8        0x0 ../build/ta/ta.o
 .rela.data.rel.ro.local
                0x0000000000012ca8      0x2d0 ../build/ta/ta.o
 .rela.data.rel.local
                0x0000000000012f78       0x60 ../build/ta/ta.o
 .rela.data.rel
                0x0000000000012fd8       0x18 ../build/ta/ta.o
                0x0000000000013000                . = ALIGN (0x1000)

.dynamic        0x0000000000013000      0x110
 *(SORT_BY_ALIGNMENT(.dynamic))
 .dynamic       0x0000000000013000      0x110 ../build/ta/ta.o
                0x0000000000013000                _DYNAMIC

.tdata
 *(SORT_BY_ALIGNMENT(.tdata) SORT_BY_ALIGNMENT(.tdata.*) SORT_BY_ALIGNMENT(.gnu.linkonce.td.*))

.tbss
 *(SORT_BY_ALIGNMENT(.tbss) SORT_BY_ALIGNMENT(.tbss.*) SORT_BY_ALIGNMENT(.gnu.linkonce.tb.*))
 *(SORT_BY_ALIGNMENT(.tcommon))

.got            0x0000000000013110       0xc0
 *(SORT_BY_ALIGNMENT(.got.plt))
 .got.plt       0x0000000000013110       0x18 ../build/ta/ta.o
 *(SORT_BY_ALIGNMENT(.got))
 .got           0x0000000000013128       0xa8 ../build/ta/ta.o
                0x0000000000013128                _GLOBAL_OFFSET_TABLE_

.rel.text
 *(SORT_BY_ALIGNMENT(.rel.text))
 *(SORT_BY_ALIGNMENT(.rel.gnu.linkonce.t*))

.rela.text
 *(SORT_BY_ALIGNMENT(.rela.text))
 *(SORT_BY_ALIGNMENT(.rela.gnu.linkonce.t*))

.rel.data
 *(SORT_BY_ALIGNMENT(.rel.data))
 *(SORT_BY_ALIGNMENT(.rel.gnu.linkonce.d*))

.rela.data
 *(SORT_BY_ALIGNMENT(.rela.data))
 *(SORT_BY_ALIGNMENT(.rela.gnu.linkonce.d*))

.rel.tdata
 *(SORT_BY_ALIGNMENT(.rel.tdata) SORT_BY_ALIGNMENT(.rel.tdata.*) SORT_BY_ALIGNMENT(.rel.gnu.linkonce.td.*))

.rela.tdata
 *(SORT_BY_ALIGNMENT(.rela.tdata) SORT_BY_ALIGNMENT(.rela.tdata.*) SORT_BY_ALIGNMENT(.rela.gnu.linkonce.td.*))

.rel.tbss
 *(SORT_BY_ALIGNMENT(.rel.tbss) SORT_BY_ALIGNMENT(.rel.tbss.*) SORT_BY_ALIGNMENT(.rel.gnu.linkonce.tb.*))

.rela.tbss
 *(SORT_BY_ALIGNMENT(.rela.tbss) SORT_BY_ALIGNMENT(.rela.tbss.*) SORT_BY_ALIGNMENT(.rela.gnu.linkonce.tb.*))

.rel.rodata
 *(SORT_BY_ALIGNMENT(.rel.rodata))
 *(SORT_BY_ALIGNMENT(.rel.gnu.linkonce.r*))

.rela.rodata
 *(SORT_BY_ALIGNMENT(.rela.rodata))
 *(SORT_BY_ALIGNMENT(.rela.gnu.linkonce.r*))

.rel.dyn
 *(SORT_BY_ALIGNMENT(.rel.dyn))

.rel.got
 *(SORT_BY_ALIGNMENT(.rel.got))

.rela.got       0x00000000000131d0      0x1e0
 *(SORT_BY_ALIGNMENT(.rela.got))
 .rela.got      0x00000000000131d0      0x1e0 ../build/ta/ta.o

.rel.ctors
 *(SORT_BY_ALIGNMENT(.rel.ctors))

.rela.ctors
 *(SORT_BY_ALIGNMENT(.rela.ctors))

.rel.dtors
 *(SORT_BY_ALIGNMENT(.rel.dtors))

.rela.dtors
 *(SORT_BY_ALIGNMENT(.rela.dtors))

.rel.init
 *(SORT_BY_ALIGNMENT(.rel.init))

.rela.init
 *(SORT_BY_ALIGNMENT(.rela.init))

.rel.fini
 *(SORT_BY_ALIGNMENT(.rel.fini))

.rela.fini
 *(SORT_BY_ALIGNMENT(.rela.fini))

.rel.bss
 *(SORT_BY_ALIGNMENT(.rel.bss))

.rela.bss       0x00000000000133b0        0x0
 *(SORT_BY_ALIGNMENT(.rela.bss))
 .rela.bss      0x00000000000133b0        0x0 ../build/ta/ta.o

.rel.plt
 *(SORT_BY_ALIGNMENT(.rel.plt))

.rela.plt       0x00000000000133b0        0x0
 *(SORT_BY_ALIGNMENT(.rela.plt))
 .rela.plt      0x00000000000133b0        0x0 ../build/ta/ta.o

.data           0x00000000000133b0      0x1cc
 *(SORT_BY_ALIGNMENT(.data) SORT_BY_ALIGNMENT(.data.*) SORT_BY_ALIGNMENT(.gnu.linkonce.d.*))
 .data.rel.ro.local
                0x00000000000133b0      0x108 ../build/ta/user_ta_header.o
                0x00000000000133b0                ta_props
 .data          0x00000000000134b8        0x8 /home/avees/Linux_for_Tegra/sources/tegra/optee-src/nv-optee/optee/build/t234/export-ta_arm64/lib/libutils.a(stack_check.o)
                0x00000000000134b8                __stack_chk_guard
 .data.rel.local
                0x00000000000134c0       0x20 /home/avees/Linux_for_Tegra/sources/tegra/optee-src/nv-optee/optee/build/t234/export-ta_arm64/lib/libutee.a(user_ta_entry.o)
 .data.rel.ro.local
                0x00000000000134e0       0x60 /home/avees/Linux_for_Tegra/sources/tegra/optee-src/nv-optee/optee/build/t234/export-ta_arm64/lib/libutee.a(tee_api_property.o)
                0x00000000000134e0                tee_props
 .data.rel      0x0000000000013540        0x8 /home/avees/Linux_for_Tegra/sources/tegra/optee-src/nv-optee/optee/build/t234/export-ta_arm64/lib/libmbedtls.a(platform_util.o)
 .data.rel.local
                0x0000000000013548       0x30 /home/avees/Linux_for_Tegra/sources/tegra/optee-src/nv-optee/optee/build/t234/export-ta_arm64/lib/libutils.a(bget_malloc.o)
 .data          0x0000000000013578        0x4 ../build/ta/user_ta_header.o
                0x0000000000013578                trace_level
 .data          0x000000000001357c        0x0 ../build/ta/ta.o
 .data.rel.ro   0x000000000001357c        0x0 ../build/ta/ta.o
 .data          0x000000000001357c        0x0 ../build/ta/ta_secure_storage.o
 .data          0x000000000001357c        0x0 ../build/ta/ta_crypto.o
 .data          0x000000000001357c        0x0 /home/avees/Linux_for_Tegra/sources/tegra/optee-src/nv-optee/optee/build/t234/export-ta_arm64/lib/libutils.a(trace.o)
 .data          0x000000000001357c        0x0 /home/avees/Linux_for_Tegra/sources/tegra/optee-src/nv-optee/optee/build/t234/export-ta_arm64/lib/libutils.a(memcpy.o)
 .data          0x000000000001357c        0x0 /home/avees/Linux_for_Tegra/sources/tegra/optee-src/nv-optee/optee/build/t234/export-ta_arm64/lib/libutils.a(snprintk.o)
 .data          0x000000000001357c        0x0 /home/avees/Linux_for_Tegra/sources/tegra/optee-src/nv-optee/optee/build/t234/export-ta_arm64/lib/libutils.a(memchr.o)
 .data          0x000000000001357c        0x0 /home/avees/Linux_for_Tegra/sources/tegra/optee-src/nv-optee/optee/build/t234/export-ta_arm64/lib/libutils.a(strlen.o)
 .data          0x000000000001357c        0x0 /home/avees/Linux_for_Tegra/sources/tegra/optee-src/nv-optee/optee/build/t234/export-ta_arm64/lib/libutee.a(trace_ext.o)
 .data          0x000000000001357c        0x0 /home/avees/Linux_for_Tegra/sources/tegra/optee-src/nv-optee/optee/build/t234/export-ta_arm64/lib/libutee.a(tee_api.o)
 .data          0x000000000001357c        0x0 /home/avees/Linux_for_Tegra/sources/tegra/optee-src/nv-optee/optee/build/t234/export-ta_arm64/lib/libutee.a(tee_api_objects.o)
 .data          0x000000000001357c        0x0 /home/avees/Linux_for_Tegra/sources/tegra/optee-src/nv-optee/optee/build/t234/export-ta_arm64/lib/libutee.a(tee_api_panic.o)
 .data          0x000000000001357c        0x0 /home/avees/Linux_for_Tegra/sources/tegra/optee-src/nv-optee/optee/build/t234/export-ta_arm64/lib/libutee.a(tee_system_pta.o)
 .data          0x000000000001357c        0x0 /home/avees/Linux_for_Tegra/sources/tegra/optee-src/nv-optee/optee/build/t234/export-ta_arm64/lib/libutee.a(user_ta_entry.o)
 .data          0x000000000001357c        0x0 /home/avees/Linux_for_Tegra/sources/tegra/optee-src/nv-optee/optee/build/t234/export-ta_arm64/lib/libutee.a(utee_syscalls_a64.o)
 .data          0x000000000001357c        0x0 /home/avees/Linux_for_Tegra/sources/tegra/optee-src/nv-optee/optee/build/t234/export-ta_arm64/lib/libutee.a(abort.o)
 .data          0x000000000001357c        0x0 /home/avees/Linux_for_Tegra/sources/tegra/optee-src/nv-optee/optee/build/t234/export-ta_arm64/lib/libutee.a(tee_api_arith_mpi.o)
 .data          0x000000000001357c        0x0 /home/avees/Linux_for_Tegra/sources/tegra/optee-src/nv-optee/optee/build/t234/export-ta_arm64/lib/libutee.a(tee_api_property.o)
 .data          0x000000000001357c        0x0 /home/avees/Linux_for_Tegra/sources/tegra/optee-src/nv-optee/optee/build/t234/export-ta_arm64/lib/libutee.a(tcb.o)
 .data          0x000000000001357c        0x0 /home/avees/Linux_for_Tegra/sources/tegra/optee-src/nv-optee/optee/build/t234/export-ta_arm64/lib/libutee.a(assert.o)
 .data          0x000000000001357c        0x0 /home/avees/Linux_for_Tegra/sources/tegra/optee-src/nv-optee/optee/build/t234/export-ta_arm64/lib/libutee.a(base64.o)
 .data          0x000000000001357c        0x0 /home/avees/Linux_for_Tegra/sources/tegra/optee-src/nv-optee/optee/build/t234/export-ta_arm64/lib/libmbedtls.a(bignum.o)
 .data          0x000000000001357c        0x0 /home/avees/Linux_for_Tegra/sources/tegra/optee-src/nv-optee/optee/build/t234/export-ta_arm64/lib/libmbedtls.a(constant_time.o)
 .data          0x000000000001357c        0x0 /home/avees/Linux_for_Tegra/sources/tegra/optee-src/nv-optee/optee/build/t234/export-ta_arm64/lib/libmbedtls.a(platform_util.o)
 .data          0x000000000001357c        0x0 /home/avees/Linux_for_Tegra/sources/tegra/optee-src/nv-optee/optee/build/t234/export-ta_arm64/lib/libutils.a(bget_malloc.o)
 .data          0x000000000001357c        0x0 /home/avees/Linux_for_Tegra/sources/tegra/optee-src/nv-optee/optee/build/t234/export-ta_arm64/lib/libutils.a(snprintf.o)
 .data          0x000000000001357c        0x0 /home/avees/Linux_for_Tegra/sources/tegra/optee-src/nv-optee/optee/build/t234/export-ta_arm64/lib/libutils.a(memmove.o)
 .data          0x000000000001357c        0x0 /home/avees/Linux_for_Tegra/sources/tegra/optee-src/nv-optee/optee/build/t234/export-ta_arm64/lib/libutils.a(memset.o)
 .data          0x000000000001357c        0x0 /home/avees/Linux_for_Tegra/sources/tegra/optee-src/nv-optee/optee/build/t234/export-ta_arm64/lib/libutils.a(strcmp.o)
 .data          0x000000000001357c        0x0 /home/avees/Linux_for_Tegra/sources/tegra/optee-src/nv-optee/optee/build/t234/export-ta_arm64/lib/libutils.a(strlcpy.o)
 .data          0x000000000001357c        0x0 /home/avees/Linux_for_Tegra/sources/tegra/optee-src/nv-optee/optee/build/t234/export-ta_arm64/lib/libutils.a(mempool.o)
 .data          0x000000000001357c        0x0 /home/avees/Linux_for_Tegra/sources/tegra/optee-src/nv-optee/optee/build/t234/export-ta_arm64/lib/libutils.a(consttime_memcmp.o)

.bss            0x0000000000013580     0xc0a0
 *(SORT_BY_ALIGNMENT(.bss) SORT_BY_ALIGNMENT(.bss.*) SORT_BY_ALIGNMENT(.gnu.linkonce.b.*) SORT_BY_ALIGNMENT(COMMON))
 .bss           0x0000000000013580       0x10 /home/avees/Linux_for_Tegra/sources/tegra/optee-src/nv-optee/optee/build/t234/export-ta_arm64/lib/libutee.a(tee_api.o)
 .bss           0x0000000000013590        0x8 /home/avees/Linux_for_Tegra/sources/tegra/optee-src/nv-optee/optee/build/t234/export-ta_arm64/lib/libutee.a(tee_system_pta.o)
 .bss           0x0000000000013598        0x9 /home/avees/Linux_for_Tegra/sources/tegra/optee-src/nv-optee/optee/build/t234/export-ta_arm64/lib/libutee.a(user_ta_entry.o)
 *fill*         0x00000000000135a1        0x7 
 COMMON         0x00000000000135a8       0x60 /home/avees/Linux_for_Tegra/sources/tegra/optee-src/nv-optee/optee/build/t234/export-ta_arm64/lib/libutee.a(user_ta_entry.o)
                0x00000000000135a8                ta_param_types
                0x00000000000135b0                __ta_no_share_malloc_ctx
                0x00000000000135b8                ta_params
                0x00000000000135f8                __elf_phdr_info
 .bss           0x0000000000013608     0x4000 /home/avees/Linux_for_Tegra/sources/tegra/optee-src/nv-optee/optee/build/t234/export-ta_arm64/lib/libutee.a(tee_api_arith_mpi.o)
 .bss           0x0000000000017608       0x10 /home/avees/Linux_for_Tegra/sources/tegra/optee-src/nv-optee/optee/build/t234/export-ta_arm64/lib/libutee.a(tcb.o)
 COMMON         0x0000000000017618        0x8 /home/avees/Linux_for_Tegra/sources/tegra/optee-src/nv-optee/optee/build/t234/export-ta_arm64/lib/libmbedtls.a(bignum.o)
                0x0000000000017618                mbedtls_mpi_mempool
 .bss           0x0000000000017620        0x0 ../build/ta/ta.o
 .bss           0x0000000000017620        0x0 ../build/ta/ta_secure_storage.o
 .bss           0x0000000000017620        0x0 ../build/ta/ta_crypto.o
 .bss           0x0000000000017620        0x0 ../build/ta/user_ta_header.o
 COMMON         0x0000000000017620     0x8000 ../build/ta/user_ta_header.o
                0x0000000000017620                ta_heap
                0x000000000001f620                __ta_no_share_heap
 .bss           0x000000000001f620        0x0 /home/avees/Linux_for_Tegra/sources/tegra/optee-src/nv-optee/optee/build/t234/export-ta_arm64/lib/libutils.a(stack_check.o)
 .bss           0x000000000001f620        0x0 /home/avees/Linux_for_Tegra/sources/tegra/optee-src/nv-optee/optee/build/t234/export-ta_arm64/lib/libutils.a(trace.o)
 .bss           0x000000000001f620        0x0 /home/avees/Linux_for_Tegra/sources/tegra/optee-src/nv-optee/optee/build/t234/export-ta_arm64/lib/libutils.a(memcpy.o)
 .bss           0x000000000001f620        0x0 /home/avees/Linux_for_Tegra/sources/tegra/optee-src/nv-optee/optee/build/t234/export-ta_arm64/lib/libutils.a(snprintk.o)
 .bss           0x000000000001f620        0x0 /home/avees/Linux_for_Tegra/sources/tegra/optee-src/nv-optee/optee/build/t234/export-ta_arm64/lib/libutils.a(memchr.o)
 .bss           0x000000000001f620        0x0 /home/avees/Linux_for_Tegra/sources/tegra/optee-src/nv-optee/optee/build/t234/export-ta_arm64/lib/libutils.a(strlen.o)
 .bss           0x000000000001f620        0x0 /home/avees/Linux_for_Tegra/sources/tegra/optee-src/nv-optee/optee/build/t234/export-ta_arm64/lib/libutee.a(trace_ext.o)
 .bss           0x000000000001f620        0x0 /home/avees/Linux_for_Tegra/sources/tegra/optee-src/nv-optee/optee/build/t234/export-ta_arm64/lib/libutee.a(tee_api_objects.o)
 .bss           0x000000000001f620        0x0 /home/avees/Linux_for_Tegra/sources/tegra/optee-src/nv-optee/optee/build/t234/export-ta_arm64/lib/libutee.a(tee_api_panic.o)
 .bss           0x000000000001f620        0x0 /home/avees/Linux_for_Tegra/sources/tegra/optee-src/nv-optee/optee/build/t234/export-ta_arm64/lib/libutee.a(utee_syscalls_a64.o)
 .bss           0x000000000001f620        0x0 /home/avees/Linux_for_Tegra/sources/tegra/optee-src/nv-optee/optee/build/t234/export-ta_arm64/lib/libutee.a(abort.o)
 .bss           0x000000000001f620        0x0 /home/avees/Linux_for_Tegra/sources/tegra/optee-src/nv-optee/optee/build/t234/export-ta_arm64/lib/libutee.a(tee_api_property.o)
 .bss           0x000000000001f620        0x0 /home/avees/Linux_for_Tegra/sources/tegra/optee-src/nv-optee/optee/build/t234/export-ta_arm64/lib/libutee.a(assert.o)
 .bss           0x000000000001f620        0x0 /home/avees/Linux_for_Tegra/sources/tegra/optee-src/nv-optee/optee/build/t234/export-ta_arm64/lib/libutee.a(base64.o)
 .bss           0x000000000001f620        0x0 /home/avees/Linux_for_Tegra/sources/tegra/optee-src/nv-optee/optee/build/t234/export-ta_arm64/lib/libmbedtls.a(bignum.o)
 .bss           0x000000000001f620        0x0 /home/avees/Linux_for_Tegra/sources/tegra/optee-src/nv-optee/optee/build/t234/export-ta_arm64/lib/libmbedtls.a(constant_time.o)
 .bss           0x000000000001f620        0x0 /home/avees/Linux_for_Tegra/sources/tegra/optee-src/nv-optee/optee/build/t234/export-ta_arm64/lib/libmbedtls.a(platform_util.o)
 .bss           0x000000000001f620        0x0 /home/avees/Linux_for_Tegra/sources/tegra/optee-src/nv-optee/optee/build/t234/export-ta_arm64/lib/libutils.a(bget_malloc.o)
 .bss           0x000000000001f620        0x0 /home/avees/Linux_for_Tegra/sources/tegra/optee-src/nv-optee/optee/build/t234/export-ta_arm64/lib/libutils.a(snprintf.o)
 .bss           0x000000000001f620        0x0 /home/avees/Linux_for_Tegra/sources/tegra/optee-src/nv-optee/optee/build/t234/export-ta_arm64/lib/libutils.a(memmove.o)
 .bss           0x000000000001f620        0x0 /home/avees/Linux_for_Tegra/sources/tegra/optee-src/nv-optee/optee/build/t234/export-ta_arm64/lib/libutils.a(memset.o)
 .bss           0x000000000001f620        0x0 /home/avees/Linux_for_Tegra/sources/tegra/optee-src/nv-optee/optee/build/t234/export-ta_arm64/lib/libutils.a(strcmp.o)
 .bss           0x000000000001f620        0x0 /home/avees/Linux_for_Tegra/sources/tegra/optee-src/nv-optee/optee/build/t234/export-ta_arm64/lib/libutils.a(strlcpy.o)
 .bss           0x000000000001f620        0x0 /home/avees/Linux_for_Tegra/sources/tegra/optee-src/nv-optee/optee/build/t234/export-ta_arm64/lib/libutils.a(mempool.o)
 .bss           0x000000000001f620        0x0 /home/avees/Linux_for_Tegra/sources/tegra/optee-src/nv-optee/optee/build/t234/export-ta_arm64/lib/libutils.a(consttime_memcmp.o)
                0x000000000001f620                . = ALIGN (0x8)
                0x000000000001f620                __ftrace_buf_start = .
                0x000000000001f620                . = (. + DEFINED (_mcount)?0x800:0x0)
                0x000000000001f620                __ftrace_buf_end = .

.dynbss         0x000000000001f620        0x0
 .dynbss        0x000000000001f620        0x0 ../build/ta/ta.o

/DISCARD/
 *(SORT_BY_ALIGNMENT(.interp))
LOAD ../build/ta/ta.o
LOAD ../build/ta/ta_secure_storage.o
LOAD ../build/ta/ta_crypto.o
LOAD ../build/ta/user_ta_header.o
START GROUP
LOAD /home/avees/Linux_for_Tegra/sources/tegra/optee-src/nv-optee/optee/build/t234/export-ta_arm64/lib/libutils.a
LOAD /home/avees/Linux_for_Tegra/sources/tegra/optee-src/nv-optee/optee/build/t234/export-ta_arm64/lib/libutee.a
LOAD /home/avees/Linux_for_Tegra/sources/tegra/optee-src/nv-optee/optee/build/t234/export-ta_arm64/lib/libmbedtls.a
LOAD /home/avees/Linux_for_Tegra/sources/tegra/optee-src/nv-optee/optee/build/t234/export-ta_arm64/lib/libdl.a
END GROUP
LOAD /usr/lib/gcc/aarch64-linux-gnu/9/libgcc.a
LOAD /home/avees/Linux_for_Tegra/sources/tegra/optee-src/nv-optee/optee/build/t234/export-ta_arm64/lib/libutils.a
OUTPUT(../build/ta/4014bf39-668c-4253-90b9-704b8257d129.elf elf64-littleaarch64)
LOAD linker stubs

.debug_info     0x0000000000000000    0x1d9ec
 .debug_info    0x0000000000000000      0x347 ../build/ta/ta.o
 .debug_info    0x0000000000000347      0x6dc ../build/ta/ta_secure_storage.o
 .debug_info    0x0000000000000a23      0xb8a ../build/ta/ta_crypto.o
 .debug_info    0x00000000000015ad      0x5da ../build/ta/user_ta_header.o
 .debug_info    0x0000000000001b87      0x14c /home/avees/Linux_for_Tegra/sources/tegra/optee-src/nv-optee/optee/build/t234/export-ta_arm64/lib/libutils.a(stack_check.o)
 .debug_info    0x0000000000001cd3      0x6f0 /home/avees/Linux_for_Tegra/sources/tegra/optee-src/nv-optee/optee/build/t234/export-ta_arm64/lib/libutils.a(trace.o)
 .debug_info    0x00000000000023c3      0x13c /home/avees/Linux_for_Tegra/sources/tegra/optee-src/nv-optee/optee/build/t234/export-ta_arm64/lib/libutils.a(memcpy.o)
 .debug_info    0x00000000000024ff      0x97c /home/avees/Linux_for_Tegra/sources/tegra/optee-src/nv-optee/optee/build/t234/export-ta_arm64/lib/libutils.a(snprintk.o)
 .debug_info    0x0000000000002e7b      0x106 /home/avees/Linux_for_Tegra/sources/tegra/optee-src/nv-optee/optee/build/t234/export-ta_arm64/lib/libutils.a(memchr.o)
 .debug_info    0x0000000000002f81       0xbe /home/avees/Linux_for_Tegra/sources/tegra/optee-src/nv-optee/optee/build/t234/export-ta_arm64/lib/libutils.a(strlen.o)
 .debug_info    0x000000000000303f      0x3f6 /home/avees/Linux_for_Tegra/sources/tegra/optee-src/nv-optee/optee/build/t234/export-ta_arm64/lib/libutee.a(trace_ext.o)
 .debug_info    0x0000000000003435     0x27f8 /home/avees/Linux_for_Tegra/sources/tegra/optee-src/nv-optee/optee/build/t234/export-ta_arm64/lib/libutee.a(tee_api.o)
 .debug_info    0x0000000000005c2d     0x2e97 /home/avees/Linux_for_Tegra/sources/tegra/optee-src/nv-optee/optee/build/t234/export-ta_arm64/lib/libutee.a(tee_api_objects.o)
 .debug_info    0x0000000000008ac4      0xb05 /home/avees/Linux_for_Tegra/sources/tegra/optee-src/nv-optee/optee/build/t234/export-ta_arm64/lib/libutee.a(tee_api_panic.o)
 .debug_info    0x00000000000095c9      0x814 /home/avees/Linux_for_Tegra/sources/tegra/optee-src/nv-optee/optee/build/t234/export-ta_arm64/lib/libutee.a(tee_system_pta.o)
 .debug_info    0x0000000000009ddd     0x1825 /home/avees/Linux_for_Tegra/sources/tegra/optee-src/nv-optee/optee/build/t234/export-ta_arm64/lib/libutee.a(user_ta_entry.o)
 .debug_info    0x000000000000b602       0x22 /home/avees/Linux_for_Tegra/sources/tegra/optee-src/nv-optee/optee/build/t234/export-ta_arm64/lib/libutee.a(utee_syscalls_a64.o)
 .debug_info    0x000000000000b624      0x146 /home/avees/Linux_for_Tegra/sources/tegra/optee-src/nv-optee/optee/build/t234/export-ta_arm64/lib/libutee.a(abort.o)
 .debug_info    0x000000000000b76a     0x516a /home/avees/Linux_for_Tegra/sources/tegra/optee-src/nv-optee/optee/build/t234/export-ta_arm64/lib/libutee.a(tee_api_arith_mpi.o)
 .debug_info    0x00000000000108d4     0x1a1c /home/avees/Linux_for_Tegra/sources/tegra/optee-src/nv-optee/optee/build/t234/export-ta_arm64/lib/libutee.a(tee_api_property.o)
 .debug_info    0x00000000000122f0      0x9f4 /home/avees/Linux_for_Tegra/sources/tegra/optee-src/nv-optee/optee/build/t234/export-ta_arm64/lib/libutee.a(tcb.o)
 .debug_info    0x0000000000012ce4      0x1f6 /home/avees/Linux_for_Tegra/sources/tegra/optee-src/nv-optee/optee/build/t234/export-ta_arm64/lib/libutee.a(assert.o)
 .debug_info    0x0000000000012eda      0x358 /home/avees/Linux_for_Tegra/sources/tegra/optee-src/nv-optee/optee/build/t234/export-ta_arm64/lib/libutee.a(base64.o)
 .debug_info    0x0000000000013232     0x601f /home/avees/Linux_for_Tegra/sources/tegra/optee-src/nv-optee/optee/build/t234/export-ta_arm64/lib/libmbedtls.a(bignum.o)
 .debug_info    0x0000000000019251     0x106a /home/avees/Linux_for_Tegra/sources/tegra/optee-src/nv-optee/optee/build/t234/export-ta_arm64/lib/libmbedtls.a(constant_time.o)
 .debug_info    0x000000000001a2bb      0x15b /home/avees/Linux_for_Tegra/sources/tegra/optee-src/nv-optee/optee/build/t234/export-ta_arm64/lib/libmbedtls.a(platform_util.o)
 .debug_info    0x000000000001a416     0x274f /home/avees/Linux_for_Tegra/sources/tegra/optee-src/nv-optee/optee/build/t234/export-ta_arm64/lib/libutils.a(bget_malloc.o)
 .debug_info    0x000000000001cb65      0x2b5 /home/avees/Linux_for_Tegra/sources/tegra/optee-src/nv-optee/optee/build/t234/export-ta_arm64/lib/libutils.a(snprintf.o)
 .debug_info    0x000000000001ce1a      0x103 /home/avees/Linux_for_Tegra/sources/tegra/optee-src/nv-optee/optee/build/t234/export-ta_arm64/lib/libutils.a(memmove.o)
 .debug_info    0x000000000001cf1d       0xd6 /home/avees/Linux_for_Tegra/sources/tegra/optee-src/nv-optee/optee/build/t234/export-ta_arm64/lib/libutils.a(memset.o)
 .debug_info    0x000000000001cff3       0xb7 /home/avees/Linux_for_Tegra/sources/tegra/optee-src/nv-optee/optee/build/t234/export-ta_arm64/lib/libutils.a(strcmp.o)
 .debug_info    0x000000000001d0aa      0x12b /home/avees/Linux_for_Tegra/sources/tegra/optee-src/nv-optee/optee/build/t234/export-ta_arm64/lib/libutils.a(strlcpy.o)
 .debug_info    0x000000000001d1d5      0x6dc /home/avees/Linux_for_Tegra/sources/tegra/optee-src/nv-optee/optee/build/t234/export-ta_arm64/lib/libutils.a(mempool.o)
 .debug_info    0x000000000001d8b1      0x13b /home/avees/Linux_for_Tegra/sources/tegra/optee-src/nv-optee/optee/build/t234/export-ta_arm64/lib/libutils.a(consttime_memcmp.o)

.debug_abbrev   0x0000000000000000     0x480e
 .debug_abbrev  0x0000000000000000      0x182 ../build/ta/ta.o
 .debug_abbrev  0x0000000000000182      0x19f ../build/ta/ta_secure_storage.o
 .debug_abbrev  0x0000000000000321      0x2d9 ../build/ta/ta_crypto.o
 .debug_abbrev  0x00000000000005fa      0x1f8 ../build/ta/user_ta_header.o
 .debug_abbrev  0x00000000000007f2       0xc5 /home/avees/Linux_for_Tegra/sources/tegra/optee-src/nv-optee/optee/build/t234/export-ta_arm64/lib/libutils.a(stack_check.o)
 .debug_abbrev  0x00000000000008b7      0x282 /home/avees/Linux_for_Tegra/sources/tegra/optee-src/nv-optee/optee/build/t234/export-ta_arm64/lib/libutils.a(trace.o)
 .debug_abbrev  0x0000000000000b39       0xb8 /home/avees/Linux_for_Tegra/sources/tegra/optee-src/nv-optee/optee/build/t234/export-ta_arm64/lib/libutils.a(memcpy.o)
 .debug_abbrev  0x0000000000000bf1      0x2db /home/avees/Linux_for_Tegra/sources/tegra/optee-src/nv-optee/optee/build/t234/export-ta_arm64/lib/libutils.a(snprintk.o)
 .debug_abbrev  0x0000000000000ecc       0xb2 /home/avees/Linux_for_Tegra/sources/tegra/optee-src/nv-optee/optee/build/t234/export-ta_arm64/lib/libutils.a(memchr.o)
 .debug_abbrev  0x0000000000000f7e       0x87 /home/avees/Linux_for_Tegra/sources/tegra/optee-src/nv-optee/optee/build/t234/export-ta_arm64/lib/libutils.a(strlen.o)
 .debug_abbrev  0x0000000000001005      0x1b5 /home/avees/Linux_for_Tegra/sources/tegra/optee-src/nv-optee/optee/build/t234/export-ta_arm64/lib/libutee.a(trace_ext.o)
 .debug_abbrev  0x00000000000011ba      0x4e6 /home/avees/Linux_for_Tegra/sources/tegra/optee-src/nv-optee/optee/build/t234/export-ta_arm64/lib/libutee.a(tee_api.o)
 .debug_abbrev  0x00000000000016a0      0x38a /home/avees/Linux_for_Tegra/sources/tegra/optee-src/nv-optee/optee/build/t234/export-ta_arm64/lib/libutee.a(tee_api_objects.o)
 .debug_abbrev  0x0000000000001a2a      0x1f9 /home/avees/Linux_for_Tegra/sources/tegra/optee-src/nv-optee/optee/build/t234/export-ta_arm64/lib/libutee.a(tee_api_panic.o)
 .debug_abbrev  0x0000000000001c23      0x284 /home/avees/Linux_for_Tegra/sources/tegra/optee-src/nv-optee/optee/build/t234/export-ta_arm64/lib/libutee.a(tee_system_pta.o)
 .debug_abbrev  0x0000000000001ea7      0x51d /home/avees/Linux_for_Tegra/sources/tegra/optee-src/nv-optee/optee/build/t234/export-ta_arm64/lib/libutee.a(user_ta_entry.o)
 .debug_abbrev  0x00000000000023c4       0x12 /home/avees/Linux_for_Tegra/sources/tegra/optee-src/nv-optee/optee/build/t234/export-ta_arm64/lib/libutee.a(utee_syscalls_a64.o)
 .debug_abbrev  0x00000000000023d6       0xdd /home/avees/Linux_for_Tegra/sources/tegra/optee-src/nv-optee/optee/build/t234/export-ta_arm64/lib/libutee.a(abort.o)
 .debug_abbrev  0x00000000000024b3      0x4f2 /home/avees/Linux_for_Tegra/sources/tegra/optee-src/nv-optee/optee/build/t234/export-ta_arm64/lib/libutee.a(tee_api_arith_mpi.o)
 .debug_abbrev  0x00000000000029a5      0x328 /home/avees/Linux_for_Tegra/sources/tegra/optee-src/nv-optee/optee/build/t234/export-ta_arm64/lib/libutee.a(tee_api_property.o)
 .debug_abbrev  0x0000000000002ccd      0x2d5 /home/avees/Linux_for_Tegra/sources/tegra/optee-src/nv-optee/optee/build/t234/export-ta_arm64/lib/libutee.a(tcb.o)
 .debug_abbrev  0x0000000000002fa2       0xef /home/avees/Linux_for_Tegra/sources/tegra/optee-src/nv-optee/optee/build/t234/export-ta_arm64/lib/libutee.a(assert.o)
 .debug_abbrev  0x0000000000003091      0x1a3 /home/avees/Linux_for_Tegra/sources/tegra/optee-src/nv-optee/optee/build/t234/export-ta_arm64/lib/libutee.a(base64.o)
 .debug_abbrev  0x0000000000003234      0x5ab /home/avees/Linux_for_Tegra/sources/tegra/optee-src/nv-optee/optee/build/t234/export-ta_arm64/lib/libmbedtls.a(bignum.o)
 .debug_abbrev  0x00000000000037df      0x38f /home/avees/Linux_for_Tegra/sources/tegra/optee-src/nv-optee/optee/build/t234/export-ta_arm64/lib/libmbedtls.a(constant_time.o)
 .debug_abbrev  0x0000000000003b6e       0xdf /home/avees/Linux_for_Tegra/sources/tegra/optee-src/nv-optee/optee/build/t234/export-ta_arm64/lib/libmbedtls.a(platform_util.o)
 .debug_abbrev  0x0000000000003c4d      0x4c1 /home/avees/Linux_for_Tegra/sources/tegra/optee-src/nv-optee/optee/build/t234/export-ta_arm64/lib/libutils.a(bget_malloc.o)
 .debug_abbrev  0x000000000000410e      0x16c /home/avees/Linux_for_Tegra/sources/tegra/optee-src/nv-optee/optee/build/t234/export-ta_arm64/lib/libutils.a(snprintf.o)
 .debug_abbrev  0x000000000000427a       0xa4 /home/avees/Linux_for_Tegra/sources/tegra/optee-src/nv-optee/optee/build/t234/export-ta_arm64/lib/libutils.a(memmove.o)
 .debug_abbrev  0x000000000000431e       0xa3 /home/avees/Linux_for_Tegra/sources/tegra/optee-src/nv-optee/optee/build/t234/export-ta_arm64/lib/libutils.a(memset.o)
 .debug_abbrev  0x00000000000043c1       0x6f /home/avees/Linux_for_Tegra/sources/tegra/optee-src/nv-optee/optee/build/t234/export-ta_arm64/lib/libutils.a(strcmp.o)
 .debug_abbrev  0x0000000000004430       0xa3 /home/avees/Linux_for_Tegra/sources/tegra/optee-src/nv-optee/optee/build/t234/export-ta_arm64/lib/libutils.a(strlcpy.o)
 .debug_abbrev  0x00000000000044d3      0x27b /home/avees/Linux_for_Tegra/sources/tegra/optee-src/nv-optee/optee/build/t234/export-ta_arm64/lib/libutils.a(mempool.o)
 .debug_abbrev  0x000000000000474e       0xc0 /home/avees/Linux_for_Tegra/sources/tegra/optee-src/nv-optee/optee/build/t234/export-ta_arm64/lib/libutils.a(consttime_memcmp.o)

.debug_loc      0x0000000000000000    0x28f1e
 .debug_loc     0x0000000000000000      0x266 ../build/ta/ta.o
 .debug_loc     0x0000000000000266      0x2d8 ../build/ta/ta_secure_storage.o
 .debug_loc     0x000000000000053e      0xd85 ../build/ta/ta_crypto.o
 .debug_loc     0x00000000000012c3      0x132 ../build/ta/user_ta_header.o
 .debug_loc     0x00000000000013f5      0x71a /home/avees/Linux_for_Tegra/sources/tegra/optee-src/nv-optee/optee/build/t234/export-ta_arm64/lib/libutils.a(trace.o)
 .debug_loc     0x0000000000001b0f      0x679 /home/avees/Linux_for_Tegra/sources/tegra/optee-src/nv-optee/optee/build/t234/export-ta_arm64/lib/libutils.a(memcpy.o)
 .debug_loc     0x0000000000002188     0x2ba0 /home/avees/Linux_for_Tegra/sources/tegra/optee-src/nv-optee/optee/build/t234/export-ta_arm64/lib/libutils.a(snprintk.o)
 .debug_loc     0x0000000000004d28      0x130 /home/avees/Linux_for_Tegra/sources/tegra/optee-src/nv-optee/optee/build/t234/export-ta_arm64/lib/libutils.a(memchr.o)
 .debug_loc     0x0000000000004e58       0x8c /home/avees/Linux_for_Tegra/sources/tegra/optee-src/nv-optee/optee/build/t234/export-ta_arm64/lib/libutils.a(strlen.o)
 .debug_loc     0x0000000000004ee4      0x1c4 /home/avees/Linux_for_Tegra/sources/tegra/optee-src/nv-optee/optee/build/t234/export-ta_arm64/lib/libutee.a(trace_ext.o)
 .debug_loc     0x00000000000050a8     0x2fb7 /home/avees/Linux_for_Tegra/sources/tegra/optee-src/nv-optee/optee/build/t234/export-ta_arm64/lib/libutee.a(tee_api.o)
 .debug_loc     0x000000000000805f     0x3fc2 /home/avees/Linux_for_Tegra/sources/tegra/optee-src/nv-optee/optee/build/t234/export-ta_arm64/lib/libutee.a(tee_api_objects.o)
 .debug_loc     0x000000000000c021      0xec2 /home/avees/Linux_for_Tegra/sources/tegra/optee-src/nv-optee/optee/build/t234/export-ta_arm64/lib/libutee.a(tee_api_panic.o)
 .debug_loc     0x000000000000cee3      0x75c /home/avees/Linux_for_Tegra/sources/tegra/optee-src/nv-optee/optee/build/t234/export-ta_arm64/lib/libutee.a(tee_system_pta.o)
 .debug_loc     0x000000000000d63f     0x1007 /home/avees/Linux_for_Tegra/sources/tegra/optee-src/nv-optee/optee/build/t234/export-ta_arm64/lib/libutee.a(user_ta_entry.o)
 .debug_loc     0x000000000000e646     0x54b4 /home/avees/Linux_for_Tegra/sources/tegra/optee-src/nv-optee/optee/build/t234/export-ta_arm64/lib/libutee.a(tee_api_arith_mpi.o)
 .debug_loc     0x0000000000013afa     0x1c6d /home/avees/Linux_for_Tegra/sources/tegra/optee-src/nv-optee/optee/build/t234/export-ta_arm64/lib/libutee.a(tee_api_property.o)
 .debug_loc     0x0000000000015767      0x72e /home/avees/Linux_for_Tegra/sources/tegra/optee-src/nv-optee/optee/build/t234/export-ta_arm64/lib/libutee.a(tcb.o)
 .debug_loc     0x0000000000015e95      0x149 /home/avees/Linux_for_Tegra/sources/tegra/optee-src/nv-optee/optee/build/t234/export-ta_arm64/lib/libutee.a(assert.o)
 .debug_loc     0x0000000000015fde      0x78d /home/avees/Linux_for_Tegra/sources/tegra/optee-src/nv-optee/optee/build/t234/export-ta_arm64/lib/libutee.a(base64.o)
 .debug_loc     0x000000000001676b     0xab8e /home/avees/Linux_for_Tegra/sources/tegra/optee-src/nv-optee/optee/build/t234/export-ta_arm64/lib/libmbedtls.a(bignum.o)
 .debug_loc     0x00000000000212f9     0x206d /home/avees/Linux_for_Tegra/sources/tegra/optee-src/nv-optee/optee/build/t234/export-ta_arm64/lib/libmbedtls.a(constant_time.o)
 .debug_loc     0x0000000000023366       0xb9 /home/avees/Linux_for_Tegra/sources/tegra/optee-src/nv-optee/optee/build/t234/export-ta_arm64/lib/libmbedtls.a(platform_util.o)
 .debug_loc     0x000000000002341f     0x477f /home/avees/Linux_for_Tegra/sources/tegra/optee-src/nv-optee/optee/build/t234/export-ta_arm64/lib/libutils.a(bget_malloc.o)
 .debug_loc     0x0000000000027b9e      0x226 /home/avees/Linux_for_Tegra/sources/tegra/optee-src/nv-optee/optee/build/t234/export-ta_arm64/lib/libutils.a(snprintf.o)
 .debug_loc     0x0000000000027dc4      0x377 /home/avees/Linux_for_Tegra/sources/tegra/optee-src/nv-optee/optee/build/t234/export-ta_arm64/lib/libutils.a(memmove.o)
 .debug_loc     0x000000000002813b       0xe9 /home/avees/Linux_for_Tegra/sources/tegra/optee-src/nv-optee/optee/build/t234/export-ta_arm64/lib/libutils.a(memset.o)
 .debug_loc     0x0000000000028224       0xb6 /home/avees/Linux_for_Tegra/sources/tegra/optee-src/nv-optee/optee/build/t234/export-ta_arm64/lib/libutils.a(strcmp.o)
 .debug_loc     0x00000000000282da      0x30f /home/avees/Linux_for_Tegra/sources/tegra/optee-src/nv-optee/optee/build/t234/export-ta_arm64/lib/libutils.a(strlcpy.o)
 .debug_loc     0x00000000000285e9      0x712 /home/avees/Linux_for_Tegra/sources/tegra/optee-src/nv-optee/optee/build/t234/export-ta_arm64/lib/libutils.a(mempool.o)
 .debug_loc     0x0000000000028cfb      0x223 /home/avees/Linux_for_Tegra/sources/tegra/optee-src/nv-optee/optee/build/t234/export-ta_arm64/lib/libutils.a(consttime_memcmp.o)

.debug_aranges  0x0000000000000000      0x9e0
 .debug_aranges
                0x0000000000000000       0x30 ../build/ta/ta.o
 .debug_aranges
                0x0000000000000030       0x30 ../build/ta/ta_secure_storage.o
 .debug_aranges
                0x0000000000000060       0x30 ../build/ta/ta_crypto.o
 .debug_aranges
                0x0000000000000090       0x30 ../build/ta/user_ta_header.o
 .debug_aranges
                0x00000000000000c0       0x30 /home/avees/Linux_for_Tegra/sources/tegra/optee-src/nv-optee/optee/build/t234/export-ta_arm64/lib/libutils.a(stack_check.o)
 .debug_aranges
                0x00000000000000f0       0x30 /home/avees/Linux_for_Tegra/sources/tegra/optee-src/nv-optee/optee/build/t234/export-ta_arm64/lib/libutils.a(trace.o)
 .debug_aranges
                0x0000000000000120       0x30 /home/avees/Linux_for_Tegra/sources/tegra/optee-src/nv-optee/optee/build/t234/export-ta_arm64/lib/libutils.a(memcpy.o)
 .debug_aranges
                0x0000000000000150       0x30 /home/avees/Linux_for_Tegra/sources/tegra/optee-src/nv-optee/optee/build/t234/export-ta_arm64/lib/libutils.a(snprintk.o)
 .debug_aranges
                0x0000000000000180       0x30 /home/avees/Linux_for_Tegra/sources/tegra/optee-src/nv-optee/optee/build/t234/export-ta_arm64/lib/libutils.a(memchr.o)
 .debug_aranges
                0x00000000000001b0       0x30 /home/avees/Linux_for_Tegra/sources/tegra/optee-src/nv-optee/optee/build/t234/export-ta_arm64/lib/libutils.a(strlen.o)
 .debug_aranges
                0x00000000000001e0       0x30 /home/avees/Linux_for_Tegra/sources/tegra/optee-src/nv-optee/optee/build/t234/export-ta_arm64/lib/libutee.a(trace_ext.o)
 .debug_aranges
                0x0000000000000210       0x30 /home/avees/Linux_for_Tegra/sources/tegra/optee-src/nv-optee/optee/build/t234/export-ta_arm64/lib/libutee.a(tee_api.o)
 .debug_aranges
                0x0000000000000240       0x30 /home/avees/Linux_for_Tegra/sources/tegra/optee-src/nv-optee/optee/build/t234/export-ta_arm64/lib/libutee.a(tee_api_objects.o)
 .debug_aranges
                0x0000000000000270       0x30 /home/avees/Linux_for_Tegra/sources/tegra/optee-src/nv-optee/optee/build/t234/export-ta_arm64/lib/libutee.a(tee_api_panic.o)
 .debug_aranges
                0x00000000000002a0       0x30 /home/avees/Linux_for_Tegra/sources/tegra/optee-src/nv-optee/optee/build/t234/export-ta_arm64/lib/libutee.a(tee_system_pta.o)
 .debug_aranges
                0x00000000000002d0       0x30 /home/avees/Linux_for_Tegra/sources/tegra/optee-src/nv-optee/optee/build/t234/export-ta_arm64/lib/libutee.a(user_ta_entry.o)
 .debug_aranges